Component: ARM Compiler 5.06 update 6 (build 750) Tool: armlink [4d35ed]

==============================================================================

Section Cross References

    stm32f7xx_ll_dma.o(i.LL_DMA_DeInit) refers to stm32f7xx_ll_dma.o(i.LL_DMA_SetChannelSelection) for LL_DMA_SetChannelSelection
    stm32f7xx_ll_dma.o(i.LL_DMA_DeInit) refers to stm32f7xx_ll_dma.o(.constdata) for .constdata
    stm32f7xx_ll_dma.o(i.LL_DMA_Init) refers to stm32f7xx_ll_dma.o(i.LL_DMA_SetChannelSelection) for LL_DMA_SetChannelSelection
    stm32f7xx_ll_dma.o(i.LL_DMA_Init) refers to stm32f7xx_ll_dma.o(.constdata) for .constdata
    stm32f7xx_ll_dma.o(i.LL_DMA_SetChannelSelection) refers to stm32f7xx_ll_dma.o(.constdata) for .constdata
    stm32f7xx_ll_i2c.o(i.LL_I2C_DeInit) refers to stm32f7xx_ll_i2c.o(i.LL_APB1_GRP1_ForceReset) for LL_APB1_GRP1_ForceReset
    stm32f7xx_ll_i2c.o(i.LL_I2C_DeInit) refers to stm32f7xx_ll_i2c.o(i.LL_APB1_GRP1_ReleaseReset) for LL_APB1_GRP1_ReleaseReset
    stm32f7xx_ll_tim.o(i.LL_TIM_DeInit) refers to stm32f7xx_ll_tim.o(i.LL_APB2_GRP1_ForceReset) for LL_APB2_GRP1_ForceReset
    stm32f7xx_ll_tim.o(i.LL_TIM_DeInit) refers to stm32f7xx_ll_tim.o(i.LL_APB2_GRP1_ReleaseReset) for LL_APB2_GRP1_ReleaseReset
    stm32f7xx_ll_tim.o(i.LL_TIM_DeInit) refers to stm32f7xx_ll_tim.o(i.LL_APB1_GRP1_ForceReset) for LL_APB1_GRP1_ForceReset
    stm32f7xx_ll_tim.o(i.LL_TIM_DeInit) refers to stm32f7xx_ll_tim.o(i.LL_APB1_GRP1_ReleaseReset) for LL_APB1_GRP1_ReleaseReset
    stm32f7xx_ll_tim.o(i.LL_TIM_IC_Init) refers to stm32f7xx_ll_tim.o(i.IC4Config) for IC4Config
    stm32f7xx_ll_tim.o(i.LL_TIM_IC_Init) refers to stm32f7xx_ll_tim.o(i.IC1Config) for IC1Config
    stm32f7xx_ll_tim.o(i.LL_TIM_IC_Init) refers to stm32f7xx_ll_tim.o(i.IC2Config) for IC2Config
    stm32f7xx_ll_tim.o(i.LL_TIM_IC_Init) refers to stm32f7xx_ll_tim.o(i.IC3Config) for IC3Config
    stm32f7xx_ll_tim.o(i.LL_TIM_OC_Init) refers to stm32f7xx_ll_tim.o(i.OC3Config) for OC3Config
    stm32f7xx_ll_tim.o(i.LL_TIM_OC_Init) refers to stm32f7xx_ll_tim.o(i.OC6Config) for OC6Config
    stm32f7xx_ll_tim.o(i.LL_TIM_OC_Init) refers to stm32f7xx_ll_tim.o(i.OC1Config) for OC1Config
    stm32f7xx_ll_tim.o(i.LL_TIM_OC_Init) refers to stm32f7xx_ll_tim.o(i.OC2Config) for OC2Config
    stm32f7xx_ll_tim.o(i.LL_TIM_OC_Init) refers to stm32f7xx_ll_tim.o(i.OC4Config) for OC4Config
    stm32f7xx_ll_tim.o(i.LL_TIM_OC_Init) refers to stm32f7xx_ll_tim.o(i.OC5Config) for OC5Config
    stm32f7xx_ll_rcc.o(i.LL_RCC_DeInit) refers to stm32f7xx_ll_rcc.o(i.LL_RCC_HSI_IsReady) for LL_RCC_HSI_IsReady
    stm32f7xx_ll_rcc.o(i.LL_RCC_DeInit) refers to stm32f7xx_ll_rcc.o(i.LL_RCC_PLL_IsReady) for LL_RCC_PLL_IsReady
    stm32f7xx_ll_rcc.o(i.LL_RCC_DeInit) refers to stm32f7xx_ll_rcc.o(i.LL_RCC_PLLI2S_IsReady) for LL_RCC_PLLI2S_IsReady
    stm32f7xx_ll_rcc.o(i.LL_RCC_DeInit) refers to stm32f7xx_ll_rcc.o(i.LL_RCC_PLLSAI_IsReady) for LL_RCC_PLLSAI_IsReady
    stm32f7xx_ll_rcc.o(i.LL_RCC_GetCECClockFreq) refers to stm32f7xx_ll_rcc.o(i.LL_RCC_HSI_IsReady) for LL_RCC_HSI_IsReady
    stm32f7xx_ll_rcc.o(i.LL_RCC_GetCECClockFreq) refers to stm32f7xx_ll_rcc.o(i.LL_RCC_LSE_IsReady) for LL_RCC_LSE_IsReady
    stm32f7xx_ll_rcc.o(i.LL_RCC_GetI2CClockFreq) refers to stm32f7xx_ll_rcc.o(i.LL_RCC_GetI2CClockSource) for LL_RCC_GetI2CClockSource
    stm32f7xx_ll_rcc.o(i.LL_RCC_GetI2CClockFreq) refers to stm32f7xx_ll_rcc.o(i.RCC_GetSystemClockFreq) for RCC_GetSystemClockFreq
    stm32f7xx_ll_rcc.o(i.LL_RCC_GetI2CClockFreq) refers to stm32f7xx_ll_rcc.o(i.RCC_GetHCLKClockFreq) for RCC_GetHCLKClockFreq
    stm32f7xx_ll_rcc.o(i.LL_RCC_GetI2CClockFreq) refers to stm32f7xx_ll_rcc.o(i.RCC_GetPCLK1ClockFreq) for RCC_GetPCLK1ClockFreq
    stm32f7xx_ll_rcc.o(i.LL_RCC_GetI2CClockFreq) refers to stm32f7xx_ll_rcc.o(i.LL_RCC_HSI_IsReady) for LL_RCC_HSI_IsReady
    stm32f7xx_ll_rcc.o(i.LL_RCC_GetI2SClockFreq) refers to stm32f7xx_ll_rcc.o(i.LL_RCC_PLLI2S_IsReady) for LL_RCC_PLLI2S_IsReady
    stm32f7xx_ll_rcc.o(i.LL_RCC_GetI2SClockFreq) refers to stm32f7xx_ll_rcc.o(i.RCC_PLLI2S_GetFreqDomain_I2S) for RCC_PLLI2S_GetFreqDomain_I2S
    stm32f7xx_ll_rcc.o(i.LL_RCC_GetLPTIMClockFreq) refers to stm32f7xx_ll_rcc.o(i.LL_RCC_LSE_IsReady) for LL_RCC_LSE_IsReady
    stm32f7xx_ll_rcc.o(i.LL_RCC_GetLPTIMClockFreq) refers to stm32f7xx_ll_rcc.o(i.LL_RCC_HSI_IsReady) for LL_RCC_HSI_IsReady
    stm32f7xx_ll_rcc.o(i.LL_RCC_GetLPTIMClockFreq) refers to stm32f7xx_ll_rcc.o(i.RCC_GetSystemClockFreq) for RCC_GetSystemClockFreq
    stm32f7xx_ll_rcc.o(i.LL_RCC_GetLPTIMClockFreq) refers to stm32f7xx_ll_rcc.o(i.RCC_GetHCLKClockFreq) for RCC_GetHCLKClockFreq
    stm32f7xx_ll_rcc.o(i.LL_RCC_GetLPTIMClockFreq) refers to stm32f7xx_ll_rcc.o(i.RCC_GetPCLK1ClockFreq) for RCC_GetPCLK1ClockFreq
    stm32f7xx_ll_rcc.o(i.LL_RCC_GetLTDCClockFreq) refers to stm32f7xx_ll_rcc.o(i.LL_RCC_PLLSAI_IsReady) for LL_RCC_PLLSAI_IsReady
[...]
    printf3.o(i.__0vprintf$3) refers to usart.o(.data) for __stdout
    printf3.o(i.__0vsnprintf$3) refers to printf3.o(i._printf_core) for _printf_core
    printf3.o(i.__0vsnprintf$3) refers to printf3.o(i._snputc) for _snputc
    printf3.o(i.__0vsprintf$3) refers to printf3.o(i._printf_core) for _printf_core
    printf3.o(i.__0vsprintf$3) refers to printf3.o(i._sputc) for _sputc
    printf3.o(i._printf_core) refers to uidiv.o(.text) for __aeabi_uidivmod
    printf4.o(i.__0fprintf$4) refers to printf4.o(i._printf_core) for _printf_core
    printf4.o(i.__0fprintf$4) refers to usart.o(i.fputc) for fputc
    printf4.o(i.__0printf$4) refers to printf4.o(i._printf_core) for _printf_core
    printf4.o(i.__0printf$4) refers to usart.o(i.fputc) for fputc
    printf4.o(i.__0printf$4) refers to usart.o(.data) for __stdout
    printf4.o(i.__0snprintf$4) refers to printf4.o(i._printf_core) for _printf_core
    printf4.o(i.__0snprintf$4) refers to printf4.o(i._snputc) for _snputc
    printf4.o(i.__0sprintf$4) refers to printf4.o(i._printf_core) for _printf_core
    printf4.o(i.__0sprintf$4) refers to printf4.o(i._sputc) for _sputc
    printf4.o(i.__0vfprintf$4) refers to printf4.o(i._printf_core) for _printf_core
    printf4.o(i.__0vfprintf$4) refers to usart.o(i.fputc) for fputc
    printf4.o(i.__0vprintf$4) refers to printf4.o(i._printf_core) for _printf_core
    printf4.o(i.__0vprintf$4) refers to usart.o(i.fputc) for fputc
    printf4.o(i.__0vprintf$4) refers to usart.o(.data) for __stdout
    printf4.o(i.__0vsnprintf$4) refers to printf4.o(i._printf_core) for _printf_core
    printf4.o(i.__0vsnprintf$4) refers to printf4.o(i._snputc) for _snputc
    printf4.o(i.__0vsprintf$4) refers to printf4.o(i._printf_core) for _printf_core
    printf4.o(i.__0vsprintf$4) refers to printf4.o(i._sputc) for _sputc
    printf4.o(i._printf_core) refers to uldiv.o(.text) for __aeabi_uldivmod
    printf5.o(i.__0fprintf$5) refers to printf5.o(i._printf_core) for _printf_core
    printf5.o(i.__0fprintf$5) refers to usart.o(i.fputc) for fputc
    printf5.o(i.__0printf$5) refers to printf5.o(i._printf_core) for _printf_core
    printf5.o(i.__0printf$5) refers to usart.o(i.fputc) for fputc
    printf5.o(i.__0printf$5) refers to usart.o(.data) for __stdout
    printf5.o(i.__0snprintf$5) refers to printf5.o(i._printf_core) for _printf_core
    printf5.o(i.__0snprintf$5) refers to printf5.o(i._snputc) for _snputc
    printf5.o(i.__0sprintf$5) refers to printf5.o(i._printf_core) for _printf_core
    printf5.o(i.__0sprintf$5) refers to printf5.o(i._sputc) for _sputc
    printf5.o(i.__0vfprintf$5) refers to printf5.o(i._printf_core) for _printf_core
    printf5.o(i.__0vfprintf$5) refers to usart.o(i.fputc) for fputc
    printf5.o(i.__0vprintf$5) refers to printf5.o(i._printf_core) for _printf_core
    printf5.o(i.__0vprintf$5) refers to usart.o(i.fputc) for fputc
    printf5.o(i.__0vprintf$5) refers to usart.o(.data) for __stdout
    printf5.o(i.__0vsnprintf$5) refers to printf5.o(i._printf_core) for _printf_core
    printf5.o(i.__0vsnprintf$5) refers to printf5.o(i._snputc) for _snputc
    printf5.o(i.__0vsprintf$5) refers to printf5.o(i._printf_core) for _printf_core
    printf5.o(i.__0vsprintf$5) refers to printf5.o(i._sputc) for _sputc
    printf5.o(i._printf_core) refers to uldiv.o(.text) for __aeabi_uldivmod
    printf6.o(i.__0fprintf$6) refers to printf6.o(i._printf_core) for _printf_core
    printf6.o(i.__0fprintf$6) refers to usart.o(i.fputc) for fputc
    printf6.o(i.__0printf$6) refers to printf6.o(i._printf_core) for _printf_core
    printf6.o(i.__0printf$6) refers to usart.o(i.fputc) for fputc
    printf6.o(i.__0printf$6) refers to usart.o(.data) for __stdout
    printf6.o(i.__0snprintf$6) refers to printf6.o(i._printf_core) for _printf_core
    printf6.o(i.__0snprintf$6) refers to printf6.o(i._snputc) for _snputc
    printf6.o(i.__0sprintf$6) refers to printf6.o(i._printf_core) for _printf_core
    printf6.o(i.__0sprintf$6) refers to printf6.o(i._sputc) for _sputc
    printf6.o(i.__0vfprintf$6) refers to printf6.o(i._printf_core) for _printf_core
    printf6.o(i.__0vfprintf$6) refers to usart.o(i.fputc) for fputc
    printf6.o(i.__0vprintf$6) refers to printf6.o(i._printf_core) for _printf_core
    printf6.o(i.__0vprintf$6) refers to usart.o(i.fputc) for fputc
    printf6.o(i.__0vprintf$6) refers to usart.o(.data) for __stdout
    printf6.o(i.__0vsnprintf$6) refers to printf6.o(i._printf_core) for _printf_core
    printf6.o(i.__0vsnprintf$6) refers to printf6.o(i._snputc) for _snputc
    printf6.o(i.__0vsprintf$6) refers to printf6.o(i._printf_core) for _printf_core
    printf6.o(i.__0vsprintf$6) refers to printf6.o(i._sputc) for _sputc
    printf6.o(i._printf_core) refers to printf6.o(i._printf_pre_padding) for _printf_pre_padding
    printf6.o(i._printf_core) refers to uidiv.o(.text) for __aeabi_uidivmod
    printf6.o(i._printf_core) refers to printf6.o(i._printf_post_padding) for _printf_post_padding
    printf7.o(i.__0fprintf$7) refers to printf7.o(i._printf_core) for _printf_core
    printf7.o(i.__0fprintf$7) refers to usart.o(i.fputc) for fputc
    printf7.o(i.__0printf$7) refers to printf7.o(i._printf_core) for _printf_core
    printf7.o(i.__0printf$7) refers to usart.o(i.fputc) for fputc
    printf7.o(i.__0printf$7) refers to usart.o(.data) for __stdout
    printf7.o(i.__0snprintf$7) refers to printf7.o(i._printf_core) for _printf_core
    printf7.o(i.__0snprintf$7) refers to printf7.o(i._snputc) for _snputc
    printf7.o(i.__0sprintf$7) refers to printf7.o(i._printf_core) for _printf_core
    printf7.o(i.__0sprintf$7) refers to printf7.o(i._sputc) for _sputc
    printf7.o(i.__0vfprintf$7) refers to printf7.o(i._printf_core) for _printf_core
    printf7.o(i.__0vfprintf$7) refers to usart.o(i.fputc) for fputc
    printf7.o(i.__0vprintf$7) refers to printf7.o(i._printf_core) for _printf_core
    printf7.o(i.__0vprintf$7) refers to usart.o(i.fputc) for fputc
    printf7.o(i.__0vprintf$7) refers to usart.o(.data) for __stdout
    printf7.o(i.__0vsnprintf$7) refers to printf7.o(i._printf_core) for _printf_core
    printf7.o(i.__0vsnprintf$7) refers to printf7.o(i._snputc) for _snputc
    printf7.o(i.__0vsprintf$7) refers to printf7.o(i._printf_core) for _printf_core
    printf7.o(i.__0vsprintf$7) refers to printf7.o(i._sputc) for _sputc
    printf7.o(i._printf_core) refers to printf7.o(i._printf_pre_padding) for _printf_pre_padding
    printf7.o(i._printf_core) refers to uldiv.o(.text) for __aeabi_uldivmod
    printf7.o(i._printf_core) refers to printf7.o(i._printf_post_padding) for _printf_post_padding
    printf8.o(i.__0fprintf$8) refers to printf8.o(i._printf_core) for _printf_core
    printf8.o(i.__0fprintf$8) refers to usart.o(i.fputc) for fputc
    printf8.o(i.__0printf$8) refers to printf8.o(i._printf_core) for _printf_core
    printf8.o(i.__0printf$8) refers to usart.o(i.fputc) for fputc
    printf8.o(i.__0printf$8) refers to usart.o(.data) for __stdout
    printf8.o(i.__0snprintf$8) refers to printf8.o(i._printf_core) for _printf_core
    printf8.o(i.__0snprintf$8) refers to printf8.o(i._snputc) for _snputc
    printf8.o(i.__0sprintf$8) refers to printf8.o(i._printf_core) for _printf_core
    printf8.o(i.__0sprintf$8) refers to printf8.o(i._sputc) for _sputc
    printf8.o(i.__0vfprintf$8) refers to printf8.o(i._printf_core) for _printf_core
    printf8.o(i.__0vfprintf$8) refers to usart.o(i.fputc) for fputc
    printf8.o(i.__0vprintf$8) refers to printf8.o(i._printf_core) for _printf_core
    printf8.o(i.__0vprintf$8) refers to usart.o(i.fputc) for fputc
    printf8.o(i.__0vprintf$8) refers to usart.o(.data) for __stdout
    printf8.o(i.__0vsnprintf$8) refers to printf8.o(i._printf_core) for _printf_core
    printf8.o(i.__0vsnprintf$8) refers to printf8.o(i._snputc) for _snputc
    printf8.o(i.__0vsprintf$8) refers to printf8.o(i._printf_core) for _printf_core
    printf8.o(i.__0vsprintf$8) refers to printf8.o(i._sputc) for _sputc
    printf8.o(i._printf_core) refers to printf8.o(i._printf_pre_padding) for _printf_pre_padding
    printf8.o(i._printf_core) refers to uldiv.o(.text) for __aeabi_uldivmod
    printf8.o(i._printf_core) refers to printf8.o(i._printf_post_padding) for _printf_post_padding
    printfa.o(i.__0fprintf) refers (Special) to iusefp.o(.text) for __I$use$fp
    printfa.o(i.__0fprintf) refers to printfa.o(i._printf_core) for _printf_core
    printfa.o(i.__0fprintf) refers to usart.o(i.fputc) for fputc
    printfa.o(i.__0printf) refers (Special) to iusefp.o(.text) for __I$use$fp
    printfa.o(i.__0printf) refers to printfa.o(i._printf_core) for _printf_core
    printfa.o(i.__0printf) refers to usart.o(i.fputc) for fputc
    printfa.o(i.__0printf) refers to usart.o(.data) for __stdout
    printfa.o(i.__0snprintf) refers (Special) to iusefp.o(.text) for __I$use$fp
    printfa.o(i.__0snprintf) refers to printfa.o(i._printf_core) for _printf_core
    printfa.o(i.__0snprintf) refers to printfa.o(i._snputc) for _snputc
    printfa.o(i.__0sprintf) refers (Special) to iusefp.o(.text) for __I$use$fp
    printfa.o(i.__0sprintf) refers to printfa.o(i._printf_core) for _printf_core
    printfa.o(i.__0sprintf) refers to printfa.o(i._sputc) for _sputc
    printfa.o(i.__0vfprintf) refers (Special) to iusefp.o(.text) for __I$use$fp
    printfa.o(i.__0vfprintf) refers to printfa.o(i._printf_core) for _printf_core
    printfa.o(i.__0vfprintf) refers to usart.o(i.fputc) for fputc
    printfa.o(i.__0vprintf) refers (Special) to iusefp.o(.text) for __I$use$fp
    printfa.o(i.__0vprintf) refers to printfa.o(i._printf_core) for _printf_core
    printfa.o(i.__0vprintf) refers to usart.o(i.fputc) for fputc
    printfa.o(i.__0vprintf) refers to usart.o(.data) for __stdout
    printfa.o(i.__0vsnprintf) refers (Special) to iusefp.o(.text) for __I$use$fp
    printfa.o(i.__0vsnprintf) refers to printfa.o(i._printf_core) for _printf_core
    printfa.o(i.__0vsnprintf) refers to printfa.o(i._snputc) for _snputc
    printfa.o(i.__0vsprintf) refers (Special) to iusefp.o(.text) for __I$use$fp
    printfa.o(i.__0vsprintf) refers to printfa.o(i._printf_core) for _printf_core
    printfa.o(i.__0vsprintf) refers to printfa.o(i._sputc) for _sputc
    printfa.o(i._fp_digits) refers (Special) to iusefp.o(.text) for __I$use$fp
    printfa.o(i._fp_digits) refers to dmul.o(.text) for __aeabi_dmul
    printfa.o(i._fp_digits) refers to ddiv.o(.text) for __aeabi_ddiv
    printfa.o(i._fp_digits) refers to cdrcmple.o(.text) for __aeabi_cdrcmple
    printfa.o(i._fp_digits) refers to dadd.o(.text) for __aeabi_dadd
    printfa.o(i._fp_digits) refers to dfixul.o(.text) for __aeabi_d2ulz
    printfa.o(i._fp_digits) refers to uldiv.o(.text) for __aeabi_uldivmod
    printfa.o(i._printf_core) refers (Special) to iusefp.o(.text) for __I$use$fp
    printfa.o(i._printf_core) refers to printfa.o(i._printf_pre_padding) for _printf_pre_padding
    printfa.o(i._printf_core) refers to uldiv.o(.text) for __aeabi_uldivmod
    printfa.o(i._printf_core) refers to printfa.o(i._printf_post_padding) for _printf_post_padding
    printfa.o(i._printf_core) refers to printfa.o(i._fp_digits) for _fp_digits
    printfa.o(i._printf_core) refers to uidiv.o(.text) for __aeabi_uidivmod
    printfa.o(i._printf_post_padding) refers (Special) to iusefp.o(.text) for __I$use$fp
    printfa.o(i._printf_pre_padding) refers (Special) to iusefp.o(.text) for __I$use$fp
    printfa.o(i._snputc) refers (Special) to iusefp.o(.text) for __I$use$fp
    printfa.o(i._sputc) refers (Special) to iusefp.o(.text) for __I$use$fp
    entry2.o(.ARM.Collect$$$$00000001) refers to entry2.o(.ARM.Collect$$$$00002712) for __lit__00000000
    entry2.o(.ARM.Collect$$$$00002712) refers to startup_stm32f746xx.o(STACK) for __initial_sp
    entry2.o(__vectab_stack_and_reset_area) refers to startup_stm32f746xx.o(STACK) for __initial_sp
    entry2.o(__vectab_stack_and_reset_area) refers to entry.o(.ARM.Collect$$$$00000000) for __main
    entry5.o(.ARM.Collect$$$$00000004) refers to init.o(.text) for __scatterload
    entry9a.o(.ARM.Collect$$$$0000000B) refers to main.o(i.main) for main
    entry9b.o(.ARM.Collect$$$$0000000C) refers to main.o(i.main) for main
    dadd.o(.text) refers to llshl.o(.text) for __aeabi_llsl
    dadd.o(.text) refers to llsshr.o(.text) for __aeabi_lasr
    dadd.o(.text) refers to depilogue.o(.text) for _double_epilogue
    dmul.o(.text) refers to depilogue.o(.text) for _double_epilogue
    ddiv.o(.text) refers to depilogue.o(.text) for _double_round
    dfixul.o(.text) refers to llushr.o(.text) for __aeabi_llsr
    dfixul.o(.text) refers to llshl.o(.text) for __aeabi_llsl
    init.o(.text) refers to entry5.o(.ARM.Collect$$$$00000004) for __main_after_scatterload
    depilogue.o(.text) refers to llshl.o(.text) for __aeabi_llsl
    depilogue.o(.text) refers to llushr.o(.text) for __aeabi_llsr


==============================================================================

Removing Unused input sections from the image.

    Removing stm32f7xx_ll_crc.o(.rev16_text), (4 bytes).
    Removing stm32f7xx_ll_crc.o(.revsh_text), (4 bytes).
    Removing stm32f7xx_ll_crc.o(.rrx_text), (6 bytes).
    Removing stm32f7xx_ll_crc.o(i.LL_CRC_DeInit), (44 bytes).
    Removing stm32f7xx_ll_dma.o(.rev16_text), (4 bytes).
    Removing stm32f7xx_ll_dma.o(.revsh_text), (4 bytes).
    Removing stm32f7xx_ll_dma.o(.rrx_text), (6 bytes).
    Removing stm32f7xx_ll_dma.o(i.LL_DMA_DeInit), (444 bytes).
    Removing stm32f7xx_ll_dma.o(i.LL_DMA_Init), (160 bytes).
    Removing stm32f7xx_ll_dma.o(i.LL_DMA_SetChannelSelection), (20 bytes).
    Removing stm32f7xx_ll_dma.o(i.LL_DMA_StructInit), (34 bytes).
    Removing stm32f7xx_ll_dma.o(.constdata), (8 bytes).
    Removing stm32f7xx_ll_exti.o(.rev16_text), (4 bytes).
    Removing stm32f7xx_ll_exti.o(.revsh_text), (4 bytes).
    Removing stm32f7xx_ll_exti.o(.rrx_text), (6 bytes).
    Removing stm32f7xx_ll_exti.o(i.LL_EXTI_DeInit), (40 bytes).
    Removing stm32f7xx_ll_exti.o(i.LL_EXTI_Init), (184 bytes).
    Removing stm32f7xx_ll_exti.o(i.LL_EXTI_StructInit), (14 bytes).
    Removing stm32f7xx_ll_i2c.o(.rev16_text), (4 bytes).
    Removing stm32f7xx_ll_i2c.o(.revsh_text), (4 bytes).
    Removing stm32f7xx_ll_i2c.o(.rrx_text), (6 bytes).
    Removing stm32f7xx_ll_i2c.o(i.LL_APB1_GRP1_ForceReset), (16 bytes).
    Removing stm32f7xx_ll_i2c.o(i.LL_APB1_GRP1_ReleaseReset), (16 bytes).
    Removing stm32f7xx_ll_i2c.o(i.LL_I2C_DeInit), (124 bytes).
    Removing stm32f7xx_ll_i2c.o(i.LL_I2C_Init), (106 bytes).
    Removing stm32f7xx_ll_i2c.o(i.LL_I2C_StructInit), (22 bytes).
    Removing stm32f7xx_ll_rng.o(.rev16_text), (4 bytes).
    Removing stm32f7xx_ll_rng.o(.revsh_text), (4 bytes).
    Removing stm32f7xx_ll_rng.o(.rrx_text), (6 bytes).
    Removing stm32f7xx_ll_rng.o(i.LL_RNG_DeInit), (28 bytes).
    Removing stm32f7xx_ll_tim.o(.rev16_text), (4 bytes).
    Removing stm32f7xx_ll_tim.o(.revsh_text), (4 bytes).
    Removing stm32f7xx_ll_tim.o(.rrx_text), (6 bytes).
    Removing stm32f7xx_ll_tim.o(i.IC1Config), (50 bytes).
    Removing stm32f7xx_ll_tim.o(i.IC2Config), (52 bytes).
    Removing stm32f7xx_ll_tim.o(i.IC3Config), (52 bytes).
    Removing stm32f7xx_ll_tim.o(i.IC4Config), (52 bytes).
    Removing stm32f7xx_ll_tim.o(i.LL_APB1_GRP1_ForceReset), (16 bytes).
    Removing stm32f7xx_ll_tim.o(i.LL_APB1_GRP1_ReleaseReset), (16 bytes).
    Removing stm32f7xx_ll_tim.o(i.LL_APB2_GRP1_ForceReset), (16 bytes).
    Removing stm32f7xx_ll_tim.o(i.LL_APB2_GRP1_ReleaseReset), (16 bytes).
    Removing stm32f7xx_ll_tim.o(i.LL_TIM_BDTR_Init), (120 bytes).
    Removing stm32f7xx_ll_tim.o(i.LL_TIM_BDTR_StructInit), (26 bytes).
    Removing stm32f7xx_ll_tim.o(i.LL_TIM_DeInit), (356 bytes).
    Removing stm32f7xx_ll_tim.o(i.LL_TIM_ENCODER_Init), (100 bytes).
    Removing stm32f7xx_ll_tim.o(i.LL_TIM_ENCODER_StructInit), (28 bytes).
    Removing stm32f7xx_ll_tim.o(i.LL_TIM_HALLSENSOR_Init), (104 bytes).
    Removing stm32f7xx_ll_tim.o(i.LL_TIM_HALLSENSOR_StructInit), (12 bytes).
    Removing stm32f7xx_ll_tim.o(i.LL_TIM_IC_Init), (58 bytes).
    Removing stm32f7xx_ll_tim.o(i.LL_TIM_IC_StructInit), (16 bytes).
    Removing stm32f7xx_ll_tim.o(i.LL_TIM_Init), (204 bytes).
    Removing stm32f7xx_ll_tim.o(i.LL_TIM_OC_Init), (88 bytes).
    Removing stm32f7xx_ll_tim.o(i.LL_TIM_OC_StructInit), (20 bytes).
    Removing stm32f7xx_ll_tim.o(i.LL_TIM_StructInit), (16 bytes).
    Removing stm32f7xx_ll_tim.o(i.OC1Config), (120 bytes).
    Removing stm32f7xx_ll_tim.o(i.OC2Config), (128 bytes).
    Removing stm32f7xx_ll_tim.o(i.OC3Config), (128 bytes).
    Removing stm32f7xx_ll_tim.o(i.OC4Config), (100 bytes).
    Removing stm32f7xx_ll_tim.o(i.OC5Config), (96 bytes).
    Removing stm32f7xx_ll_tim.o(i.OC6Config), (96 bytes).
    Removing stm32f7xx_ll_rcc.o(.rev16_text), (4 bytes).
    Removing stm32f7xx_ll_rcc.o(.revsh_text), (4 bytes).
    Removing stm32f7xx_ll_rcc.o(.rrx_text), (6 bytes).
    Removing stm32f7xx_ll_rcc.o(i.LL_RCC_DeInit), (152 bytes).
    Removing stm32f7xx_ll_rcc.o(i.LL_RCC_GetCECClockFreq), (48 bytes).
    Removing stm32f7xx_ll_rcc.o(i.LL_RCC_GetI2CClockFreq), (240 bytes).
    Removing stm32f7xx_ll_rcc.o(i.LL_RCC_GetI2CClockSource), (16 bytes).
    Removing stm32f7xx_ll_rcc.o(i.LL_RCC_GetI2SClockFreq), (52 bytes).
    Removing stm32f7xx_ll_rcc.o(i.LL_RCC_GetLPTIMClockFreq), (104 bytes).
    Removing stm32f7xx_ll_rcc.o(i.LL_RCC_GetLTDCClockFreq), (20 bytes).
    Removing stm32f7xx_ll_rcc.o(i.LL_RCC_GetRNGClockFreq), (52 bytes).
    Removing stm32f7xx_ll_rcc.o(i.LL_RCC_GetSAIClockFreq), (152 bytes).
    Removing stm32f7xx_ll_rcc.o(i.LL_RCC_GetSDMMCClockFreq), (80 bytes).
    Removing stm32f7xx_ll_rcc.o(i.LL_RCC_GetSPDIFRXClockFreq), (20 bytes).
    Removing stm32f7xx_ll_rcc.o(i.LL_RCC_GetSystemClocksFreq), (32 bytes).
    Removing stm32f7xx_ll_rcc.o(i.LL_RCC_GetUARTClockFreq), (316 bytes).
    Removing stm32f7xx_ll_rcc.o(i.LL_RCC_GetUARTClockSource), (16 bytes).
    Removing stm32f7xx_ll_rcc.o(i.LL_RCC_GetUSARTClockFreq), (304 bytes).
    Removing stm32f7xx_ll_rcc.o(i.LL_RCC_GetUSARTClockSource), (16 bytes).
    Removing stm32f7xx_ll_rcc.o(i.LL_RCC_GetUSBClockFreq), (52 bytes).
    Removing stm32f7xx_ll_rcc.o(i.LL_RCC_HSI_IsReady), (16 bytes).
    Removing stm32f7xx_ll_rcc.o(i.LL_RCC_LSE_IsReady), (16 bytes).
    Removing stm32f7xx_ll_rcc.o(i.LL_RCC_PLLI2S_IsReady), (16 bytes).
    Removing stm32f7xx_ll_rcc.o(i.LL_RCC_PLLSAI_IsReady), (16 bytes).
    Removing stm32f7xx_ll_rcc.o(i.LL_RCC_PLL_GetDivider), (16 bytes).
    Removing stm32f7xx_ll_rcc.o(i.LL_RCC_PLL_GetMainSource), (16 bytes).
    Removing stm32f7xx_ll_rcc.o(i.LL_RCC_PLL_IsReady), (16 bytes).
    Removing stm32f7xx_ll_rcc.o(i.RCC_GetHCLKClockFreq), (28 bytes).
    Removing stm32f7xx_ll_rcc.o(i.RCC_GetPCLK1ClockFreq), (28 bytes).
    Removing stm32f7xx_ll_rcc.o(i.RCC_GetPCLK2ClockFreq), (28 bytes).
    Removing stm32f7xx_ll_rcc.o(i.RCC_GetSystemClockFreq), (44 bytes).
    Removing stm32f7xx_ll_rcc.o(i.RCC_PLLI2S_GetFreqDomain_I2S), (64 bytes).
    Removing stm32f7xx_ll_rcc.o(i.RCC_PLLI2S_GetFreqDomain_SAI), (80 bytes).
    Removing stm32f7xx_ll_rcc.o(i.RCC_PLLI2S_GetFreqDomain_SPDIFRX), (68 bytes).
    Removing stm32f7xx_ll_rcc.o(i.RCC_PLLSAI_GetFreqDomain_48M), (68 bytes).
    Removing stm32f7xx_ll_rcc.o(i.RCC_PLLSAI_GetFreqDomain_LTDC), (88 bytes).
    Removing stm32f7xx_ll_rcc.o(i.RCC_PLLSAI_GetFreqDomain_SAI), (84 bytes).
    Removing stm32f7xx_ll_rcc.o(i.RCC_PLL_GetFreqDomain_48M), (64 bytes).
    Removing stm32f7xx_ll_rcc.o(i.RCC_PLL_GetFreqDomain_SYS), (68 bytes).
    Removing stm32f7xx_ll_rcc.o(.constdata), (4 bytes).
    Removing stm32f7xx_ll_utils.o(.rev16_text), (4 bytes).
    Removing stm32f7xx_ll_utils.o(.revsh_text), (4 bytes).
    Removing stm32f7xx_ll_utils.o(.rrx_text), (6 bytes).
    Removing stm32f7xx_ll_utils.o(i.LL_Init1msTick), (26 bytes).
    Removing stm32f7xx_ll_utils.o(i.LL_PLL_ConfigSystemClock_HSE), (112 bytes).
    Removing stm32f7xx_ll_utils.o(i.LL_PLL_ConfigSystemClock_HSI), (84 bytes).
    Removing stm32f7xx_ll_utils.o(i.LL_RCC_PLL_ConfigDomain_SYS), (32 bytes).
    Removing stm32f7xx_ll_utils.o(i.LL_SetSystemCoreClock), (12 bytes).
    Removing stm32f7xx_ll_utils.o(i.LL_mDelay), (32 bytes).
    Removing stm32f7xx_ll_utils.o(i.UTILS_EnablePLLAndSwitchSystem), (160 bytes).
    Removing stm32f7xx_ll_utils.o(i.UTILS_GetPLLOutputFrequency), (34 bytes).
    Removing stm32f7xx_ll_utils.o(i.UTILS_PLL_IsBusy), (44 bytes).
    Removing stm32f7xx_ll_utils.o(i.UTILS_SetFlashLatency), (252 bytes).
    Removing stm32f7xx_ll_adc.o(.rev16_text), (4 bytes).
    Removing stm32f7xx_ll_adc.o(.revsh_text), (4 bytes).
    Removing stm32f7xx_ll_adc.o(.rrx_text), (6 bytes).
    Removing stm32f7xx_ll_adc.o(i.LL_ADC_CommonDeInit), (28 bytes).
    Removing stm32f7xx_ll_adc.o(i.LL_ADC_CommonInit), (96 bytes).
    Removing stm32f7xx_ll_adc.o(i.LL_ADC_CommonStructInit), (12 bytes).
    Removing stm32f7xx_ll_adc.o(i.LL_ADC_DeInit), (184 bytes).
    Removing stm32f7xx_ll_adc.o(i.LL_ADC_INJ_Init), (84 bytes).
    Removing stm32f7xx_ll_adc.o(i.LL_ADC_INJ_StructInit), (12 bytes).
    Removing stm32f7xx_ll_adc.o(i.LL_ADC_Init), (56 bytes).
    Removing stm32f7xx_ll_adc.o(i.LL_ADC_REG_Init), (92 bytes).
    Removing stm32f7xx_ll_adc.o(i.LL_ADC_REG_StructInit), (14 bytes).
    Removing stm32f7xx_ll_adc.o(i.LL_ADC_StructInit), (14 bytes).
    Removing stm32f7xx_ll_usart.o(.rev16_text), (4 bytes).
    Removing stm32f7xx_ll_usart.o(.revsh_text), (4 bytes).
    Removing stm32f7xx_ll_usart.o(.rrx_text), (6 bytes).
    Removing stm32f7xx_ll_usart.o(i.LL_APB1_GRP1_ForceReset), (16 bytes).
    Removing stm32f7xx_ll_usart.o(i.LL_APB1_GRP1_ReleaseReset), (16 bytes).
    Removing stm32f7xx_ll_usart.o(i.LL_USART_ClockInit), (60 bytes).
    Removing stm32f7xx_ll_usart.o(i.LL_USART_ClockStructInit), (12 bytes).
    Removing stm32f7xx_ll_usart.o(i.LL_USART_DeInit), (240 bytes).
    Removing stm32f7xx_ll_usart.o(i.LL_USART_Init), (284 bytes).
    Removing stm32f7xx_ll_usart.o(i.LL_USART_StructInit), (24 bytes).
    Removing stm32f7xx_ll_dma2d.o(.rev16_text), (4 bytes).
    Removing stm32f7xx_ll_dma2d.o(.revsh_text), (4 bytes).
    Removing stm32f7xx_ll_dma2d.o(.rrx_text), (6 bytes).
    Removing stm32f7xx_ll_dma2d.o(i.LL_DMA2D_ConfigLayer), (164 bytes).
    Removing stm32f7xx_ll_dma2d.o(i.LL_DMA2D_ConfigOutputColor), (82 bytes).
    Removing stm32f7xx_ll_dma2d.o(i.LL_DMA2D_ConfigSize), (16 bytes).
    Removing stm32f7xx_ll_dma2d.o(i.LL_DMA2D_DeInit), (44 bytes).
    Removing stm32f7xx_ll_dma2d.o(i.LL_DMA2D_GetOutputAlphaColor), (42 bytes).
    Removing stm32f7xx_ll_dma2d.o(i.LL_DMA2D_GetOutputBlueColor), (52 bytes).
    Removing stm32f7xx_ll_dma2d.o(i.LL_DMA2D_GetOutputGreenColor), (56 bytes).
    Removing stm32f7xx_ll_dma2d.o(i.LL_DMA2D_GetOutputRedColor), (56 bytes).
    Removing stm32f7xx_ll_dma2d.o(i.LL_DMA2D_Init), (118 bytes).
    Removing stm32f7xx_ll_dma2d.o(i.LL_DMA2D_LayerCfgStructInit), (26 bytes).
    Removing stm32f7xx_ll_dma2d.o(i.LL_DMA2D_StructInit), (24 bytes).
    Removing stm32f7xx_ll_spi.o(.rev16_text), (4 bytes).
    Removing stm32f7xx_ll_spi.o(.revsh_text), (4 bytes).
    Removing stm32f7xx_ll_spi.o(.rrx_text), (6 bytes).
    Removing stm32f7xx_ll_spi.o(i.LL_APB2_GRP1_ForceReset), (16 bytes).
    Removing stm32f7xx_ll_spi.o(i.LL_APB2_GRP1_ReleaseReset), (16 bytes).
    Removing stm32f7xx_ll_spi.o(i.LL_I2S_ConfigPrescaler), (16 bytes).
    Removing stm32f7xx_ll_spi.o(i.LL_I2S_DeInit), (4 bytes).
    Removing stm32f7xx_ll_spi.o(i.LL_I2S_Init), (164 bytes).
    Removing stm32f7xx_ll_spi.o(i.LL_I2S_StructInit), (18 bytes).
    Removing stm32f7xx_ll_spi.o(i.LL_SPI_DeInit), (180 bytes).
    Removing stm32f7xx_ll_spi.o(i.LL_SPI_Init), (104 bytes).
    Removing stm32f7xx_ll_spi.o(i.LL_SPI_StructInit), (30 bytes).
    Removing stm32f7xx_ll_gpio.o(.rev16_text), (4 bytes).
    Removing stm32f7xx_ll_gpio.o(.revsh_text), (4 bytes).
    Removing stm32f7xx_ll_gpio.o(.rrx_text), (6 bytes).
    Removing stm32f7xx_ll_gpio.o(i.LL_AHB1_GRP1_ForceReset), (16 bytes).
    Removing stm32f7xx_ll_gpio.o(i.LL_AHB1_GRP1_ReleaseReset), (16 bytes).
    Removing stm32f7xx_ll_gpio.o(i.LL_GPIO_DeInit), (280 bytes).
    Removing stm32f7xx_ll_gpio.o(i.LL_GPIO_Init), (316 bytes).
    Removing stm32f7xx_ll_gpio.o(i.LL_GPIO_StructInit), (22 bytes).
    Removing stm32f7xx_ll_dac.o(.rev16_text), (4 bytes).
    Removing stm32f7xx_ll_dac.o(.revsh_text), (4 bytes).
    Removing stm32f7xx_ll_dac.o(.rrx_text), (6 bytes).
    Removing stm32f7xx_ll_dac.o(i.LL_DAC_DeInit), (28 bytes).
    Removing stm32f7xx_ll_dac.o(i.LL_DAC_Init), (88 bytes).
    Removing stm32f7xx_ll_dac.o(i.LL_DAC_StructInit), (14 bytes).
    Removing stm32f7xx_ll_pwr.o(.rev16_text), (4 bytes).
    Removing stm32f7xx_ll_pwr.o(.revsh_text), (4 bytes).
    Removing stm32f7xx_ll_pwr.o(.rrx_text), (6 bytes).
    Removing stm32f7xx_ll_pwr.o(i.LL_PWR_DeInit), (36 bytes).
    Removing stm32f7xx_hal.o(.rev16_text), (4 bytes).
    Removing stm32f7xx_hal.o(.revsh_text), (4 bytes).
    Removing stm32f7xx_hal.o(.rrx_text), (6 bytes).
    Removing stm32f7xx_hal.o(i.HAL_DBGMCU_DisableDBGSleepMode), (16 bytes).
    Removing stm32f7xx_hal.o(i.HAL_DBGMCU_DisableDBGStandbyMode), (16 bytes).
    Removing stm32f7xx_hal.o(i.HAL_DBGMCU_DisableDBGStopMode), (16 bytes).
    Removing stm32f7xx_hal.o(i.HAL_DBGMCU_EnableDBGSleepMode), (16 bytes).
    Removing stm32f7xx_hal.o(i.HAL_DBGMCU_EnableDBGStandbyMode), (16 bytes).
    Removing stm32f7xx_hal.o(i.HAL_DBGMCU_EnableDBGStopMode), (16 bytes).
    Removing stm32f7xx_hal.o(i.HAL_DeInit), (52 bytes).
    Removing stm32f7xx_hal.o(i.HAL_DisableCompensationCell), (16 bytes).
    Removing stm32f7xx_hal.o(i.HAL_DisableFMCMemorySwapping), (16 bytes).
    Removing stm32f7xx_hal.o(i.HAL_EnableCompensationCell), (16 bytes).
    Removing stm32f7xx_hal.o(i.HAL_EnableFMCMemorySwapping), (16 bytes).
    Removing stm32f7xx_hal.o(i.HAL_GetDEVID), (16 bytes).
    Removing stm32f7xx_hal.o(i.HAL_GetHalVersion), (8 bytes).
    Removing stm32f7xx_hal.o(i.HAL_GetREVID), (12 bytes).
    Removing stm32f7xx_hal.o(i.HAL_GetTickFreq), (12 bytes).
    Removing stm32f7xx_hal.o(i.HAL_GetTickPrio), (12 bytes).
    Removing stm32f7xx_hal.o(i.HAL_GetUIDw0), (12 bytes).
    Removing stm32f7xx_hal.o(i.HAL_GetUIDw1), (12 bytes).
    Removing stm32f7xx_hal.o(i.HAL_GetUIDw2), (12 bytes).
    Removing stm32f7xx_hal.o(i.HAL_MspDeInit), (2 bytes).
    Removing stm32f7xx_hal.o(i.HAL_ResumeTick), (14 bytes).
    Removing stm32f7xx_hal.o(i.HAL_SetTickFreq), (28 bytes).
    Removing stm32f7xx_hal.o(i.HAL_SuspendTick), (14 bytes).
    Removing stm32f7xx_hal_cortex.o(.rev16_text), (4 bytes).
    Removing stm32f7xx_hal_cortex.o(.revsh_text), (4 bytes).
    Removing stm32f7xx_hal_cortex.o(.rrx_text), (6 bytes).
    Removing stm32f7xx_hal_cortex.o(i.HAL_MPU_ConfigRegion), (88 bytes).
    Removing stm32f7xx_hal_cortex.o(i.HAL_MPU_Disable), (28 bytes).
    Removing stm32f7xx_hal_cortex.o(i.HAL_MPU_Enable), (36 bytes).
    Removing stm32f7xx_hal_cortex.o(i.HAL_NVIC_ClearPendingIRQ), (26 bytes).
    Removing stm32f7xx_hal_cortex.o(i.HAL_NVIC_DisableIRQ), (34 bytes).
    Removing stm32f7xx_hal_cortex.o(i.HAL_NVIC_GetActive), (40 bytes).
    Removing stm32f7xx_hal_cortex.o(i.HAL_NVIC_GetPendingIRQ), (40 bytes).
    Removing stm32f7xx_hal_cortex.o(i.HAL_NVIC_GetPriority), (86 bytes).
    Removing stm32f7xx_hal_cortex.o(i.HAL_NVIC_GetPriorityGrouping), (16 bytes).
    Removing stm32f7xx_hal_cortex.o(i.HAL_NVIC_SetPendingIRQ), (26 bytes).
    Removing stm32f7xx_hal_cortex.o(i.HAL_NVIC_SystemReset), (36 bytes).
    Removing stm32f7xx_hal_cortex.o(i.HAL_SYSTICK_CLKSourceConfig), (28 bytes).
    Removing stm32f7xx_hal_cortex.o(i.HAL_SYSTICK_Callback), (2 bytes).
    Removing stm32f7xx_hal_cortex.o(i.HAL_SYSTICK_IRQHandler), (8 bytes).
    Removing stm32f7xx_hal_gpio.o(.rev16_text), (4 bytes).
    Removing stm32f7xx_hal_gpio.o(.revsh_text), (4 bytes).
    Removing stm32f7xx_hal_gpio.o(.rrx_text), (6 bytes).
    Removing stm32f7xx_hal_gpio.o(i.HAL_GPIO_DeInit), (320 bytes).
    Removing stm32f7xx_hal_gpio.o(i.HAL_GPIO_EXTI_Callback), (2 bytes).
    Removing stm32f7xx_hal_gpio.o(i.HAL_GPIO_EXTI_IRQHandler), (24 bytes).
    Removing stm32f7xx_hal_gpio.o(i.HAL_GPIO_LockPin), (36 bytes).
    Removing stm32f7xx_hal_gpio.o(i.HAL_GPIO_ReadPin), (14 bytes).
    Removing stm32f7xx_hal_gpio.o(i.HAL_GPIO_TogglePin), (18 bytes).
    Removing stm32f7xx_hal_gpio.o(i.HAL_GPIO_WritePin), (14 bytes).
    Removing stm32f7xx_hal_dma.o(.rev16_text), (4 bytes).
    Removing stm32f7xx_hal_dma.o(.revsh_text), (4 bytes).
    Removing stm32f7xx_hal_dma.o(.rrx_text), (6 bytes).
    Removing stm32f7xx_hal_dma.o(i.DMA_CalcBaseAndBitshift), (44 bytes).
    Removing stm32f7xx_hal_dma.o(i.DMA_CheckFifoParam), (120 bytes).
    Removing stm32f7xx_hal_dma.o(i.DMA_SetConfig), (42 bytes).
    Removing stm32f7xx_hal_dma.o(i.HAL_DMA_Abort), (142 bytes).
    Removing stm32f7xx_hal_dma.o(i.HAL_DMA_DeInit), (102 bytes).
    Removing stm32f7xx_hal_dma.o(i.HAL_DMA_GetError), (4 bytes).
    Removing stm32f7xx_hal_dma.o(i.HAL_DMA_GetState), (6 bytes).
    Removing stm32f7xx_hal_dma.o(i.HAL_DMA_IRQHandler), (464 bytes).
    Removing stm32f7xx_hal_dma.o(i.HAL_DMA_Init), (212 bytes).
    Removing stm32f7xx_hal_dma.o(i.HAL_DMA_PollForTransfer), (286 bytes).
    Removing stm32f7xx_hal_dma.o(i.HAL_DMA_RegisterCallback), (80 bytes).
    Removing stm32f7xx_hal_dma.o(i.HAL_DMA_Start), (70 bytes).
    Removing stm32f7xx_hal_dma.o(i.HAL_DMA_Start_IT), (120 bytes).
    Removing stm32f7xx_hal_dma.o(i.HAL_DMA_UnRegisterCallback), (100 bytes).
    Removing stm32f7xx_hal_dma.o(.constdata), (8 bytes).
    Removing stm32f7xx_hal_rcc.o(.rev16_text), (4 bytes).
    Removing stm32f7xx_hal_rcc.o(.revsh_text), (4 bytes).
    Removing stm32f7xx_hal_rcc.o(.rrx_text), (6 bytes).
    Removing stm32f7xx_hal_rcc.o(i.HAL_RCC_CSSCallback), (2 bytes).
    Removing stm32f7xx_hal_rcc.o(i.HAL_RCC_ClockConfig), (336 bytes).
    Removing stm32f7xx_hal_rcc.o(i.HAL_RCC_DeInit), (340 bytes).
    Removing stm32f7xx_hal_rcc.o(i.HAL_RCC_DisableCSS), (16 bytes).
    Removing stm32f7xx_hal_rcc.o(i.HAL_RCC_EnableCSS), (16 bytes).
    Removing stm32f7xx_hal_rcc.o(i.HAL_RCC_GetClockConfig), (60 bytes).
    Removing stm32f7xx_hal_rcc.o(i.HAL_RCC_GetOscConfig), (180 bytes).
    Removing stm32f7xx_hal_rcc.o(i.HAL_RCC_MCOConfig), (144 bytes).
    Removing stm32f7xx_hal_rcc.o(i.HAL_RCC_NMI_IRQHandler), (28 bytes).
    Removing stm32f7xx_hal_rcc.o(i.HAL_RCC_OscConfig), (984 bytes).
    Removing stm32f7xx_hal_uart.o(.rev16_text), (4 bytes).
    Removing stm32f7xx_hal_uart.o(.revsh_text), (4 bytes).
    Removing stm32f7xx_hal_uart.o(.rrx_text), (6 bytes).
    Removing stm32f7xx_hal_uart.o(i.HAL_HalfDuplex_EnableReceiver), (56 bytes).
    Removing stm32f7xx_hal_uart.o(i.HAL_HalfDuplex_EnableTransmitter), (56 bytes).
    Removing stm32f7xx_hal_uart.o(i.HAL_HalfDuplex_Init), (118 bytes).
    Removing stm32f7xx_hal_uart.o(i.HAL_LIN_Init), (150 bytes).
    Removing stm32f7xx_hal_uart.o(i.HAL_LIN_SendBreak), (46 bytes).
    Removing stm32f7xx_hal_uart.o(i.HAL_MultiProcessor_DisableMuteMode), (40 bytes).
    Removing stm32f7xx_hal_uart.o(i.HAL_MultiProcessor_EnableMuteMode), (40 bytes).
    Removing stm32f7xx_hal_uart.o(i.HAL_MultiProcessor_EnterMuteMode), (12 bytes).
    Removing stm32f7xx_hal_uart.o(i.HAL_MultiProcessor_Init), (142 bytes).
    Removing stm32f7xx_hal_uart.o(i.HAL_UART_Abort), (160 bytes).
    Removing stm32f7xx_hal_uart.o(i.HAL_UART_AbortCpltCallback), (2 bytes).
    Removing stm32f7xx_hal_uart.o(i.HAL_UART_AbortReceive), (104 bytes).
    Removing stm32f7xx_hal_uart.o(i.HAL_UART_AbortReceiveCpltCallback), (2 bytes).
    Removing stm32f7xx_hal_uart.o(i.HAL_UART_AbortReceive_IT), (132 bytes).
    Removing stm32f7xx_hal_uart.o(i.HAL_UART_AbortTransmit), (78 bytes).
    Removing stm32f7xx_hal_uart.o(i.HAL_UART_AbortTransmitCpltCallback), (2 bytes).
    Removing stm32f7xx_hal_uart.o(i.HAL_UART_AbortTransmit_IT), (100 bytes).
    Removing stm32f7xx_hal_uart.o(i.HAL_UART_Abort_IT), (200 bytes).
    Removing stm32f7xx_hal_uart.o(i.HAL_UART_DMAPause), (96 bytes).
    Removing stm32f7xx_hal_uart.o(i.HAL_UART_DMAResume), (88 bytes).
    Removing stm32f7xx_hal_uart.o(i.HAL_UART_DMAStop), (122 bytes).
    Removing stm32f7xx_hal_uart.o(i.HAL_UART_DeInit), (60 bytes).
    Removing stm32f7xx_hal_uart.o(i.HAL_UART_GetError), (4 bytes).
    Removing stm32f7xx_hal_uart.o(i.HAL_UART_MspDeInit), (2 bytes).
    Removing stm32f7xx_hal_uart.o(i.HAL_UART_MspInit), (2 bytes).
    Removing stm32f7xx_hal_uart.o(i.HAL_UART_Receive), (254 bytes).
    Removing stm32f7xx_hal_uart.o(i.HAL_UART_Receive_DMA), (164 bytes).
    Removing stm32f7xx_hal_uart.o(i.HAL_UART_RxCpltCallback), (2 bytes).
    Removing stm32f7xx_hal_uart.o(i.HAL_UART_RxHalfCpltCallback), (2 bytes).
    Removing stm32f7xx_hal_uart.o(i.HAL_UART_Transmit), (194 bytes).
    Removing stm32f7xx_hal_uart.o(i.HAL_UART_Transmit_DMA), (156 bytes).
    Removing stm32f7xx_hal_uart.o(i.HAL_UART_Transmit_IT), (108 bytes).
    Removing stm32f7xx_hal_uart.o(i.HAL_UART_TxHalfCpltCallback), (2 bytes).
    Removing stm32f7xx_hal_uart.o(i.UART_DMAError), (72 bytes).
    Removing stm32f7xx_hal_uart.o(i.UART_DMAReceiveCplt), (60 bytes).
    Removing stm32f7xx_hal_uart.o(i.UART_DMARxAbortCallback), (60 bytes).
    Removing stm32f7xx_hal_uart.o(i.UART_DMARxHalfCplt), (10 bytes).
    Removing stm32f7xx_hal_uart.o(i.UART_DMARxOnlyAbortCallback), (36 bytes).
    Removing stm32f7xx_hal_uart.o(i.UART_DMATransmitCplt), (48 bytes).
    Removing stm32f7xx_hal_uart.o(i.UART_DMATxAbortCallback), (50 bytes).
    Removing stm32f7xx_hal_uart.o(i.UART_DMATxHalfCplt), (10 bytes).
    Removing stm32f7xx_hal_uart.o(i.UART_DMATxOnlyAbortCallback), (20 bytes).
    Removing stm32f7xx_hal_uart.o(i.UART_EndTxTransfer), (16 bytes).
    Removing stm32f7xx_hal_uart.o(i.UART_TxISR_16BIT), (64 bytes).
    Removing stm32f7xx_hal_uart.o(i.UART_TxISR_8BIT), (60 bytes).
    Removing stm32f7xx_hal_uart_ex.o(.rev16_text), (4 bytes).
    Removing stm32f7xx_hal_uart_ex.o(.revsh_text), (4 bytes).
    Removing stm32f7xx_hal_uart_ex.o(.rrx_text), (6 bytes).
    Removing stm32f7xx_hal_uart_ex.o(i.HAL_MultiProcessorEx_AddressLength_Set), (48 bytes).
    Removing stm32f7xx_hal_uart_ex.o(i.HAL_RS485Ex_Init), (144 bytes).
    Removing stm32f7xx_it.o(.rev16_text), (4 bytes).
    Removing stm32f7xx_it.o(.revsh_text), (4 bytes).
    Removing stm32f7xx_it.o(.rrx_text), (6 bytes).
    Removing main.o(.rev16_text), (4 bytes).
    Removing main.o(.revsh_text), (4 bytes).
    Removing main.o(.rrx_text), (6 bytes).
    Removing usart.o(.rev16_text), (4 bytes).
    Removing usart.o(.revsh_text), (4 bytes).
    Removing usart.o(.rrx_text), (6 bytes).
    Removing usart.o(i._sys_exit), (2 bytes).
    Removing system_stm32f7xx.o(.rev16_text), (4 bytes).
    Removing system_stm32f7xx.o(.revsh_text), (4 bytes).
    Removing system_stm32f7xx.o(.rrx_text), (6 bytes).
    Removing system_stm32f7xx.o(i.SystemCoreClockUpdate), (140 bytes).
    Removing system_stm32f7xx.o(.constdata), (16 bytes).
    Removing startup_stm32f746xx.o(HEAP), (512 bytes).
    Removing dadd.o(.text), (334 bytes).
    Removing dmul.o(.text), (228 bytes).
    Removing ddiv.o(.text), (222 bytes).
    Removing dfixul.o(.text), (48 bytes).
    Removing cdrcmple.o(.text), (48 bytes).
    Removing depilogue.o(.text), (186 bytes).

339 unused section(s) (total 20610 bytes) removed from the image.

==============================================================================

Image Symbol Table

    Local Symbols

    Symbol Name                              Value     Ov Type        Size  Object(Section)

    ../Src/main.c                            0x00000000   Number         0  main.o ABSOLUTE
    ../Src/stm32f7xx_it.c                    0x00000000   Number         0  stm32f7xx_it.o ABSOLUTE
    ../Src/system_stm32f7xx.c                0x00000000   Number         0  system_stm32f7xx.o ABSOLUTE
    ../clib/microlib/division.c              0x00000000   Number         0  uidiv.o ABSOLUTE
    ../clib/microlib/division.c              0x00000000   Number         0  uldiv.o ABSOLUTE
    ../clib/microlib/init/entry.s            0x00000000   Number         0  entry7a.o ABSOLUTE
    ../clib/microlib/init/entry.s            0x00000000   Number         0  entry10b.o ABSOLUTE
    ../clib/microlib/init/entry.s            0x00000000   Number         0  entry7b.o ABSOLUTE
    ../clib/microlib/init/entry.s            0x00000000   Number         0  entry8b.o ABSOLUTE
    ../clib/microlib/init/entry.s            0x00000000   Number         0  entry9a.o ABSOLUTE
    ../clib/microlib/init/entry.s            0x00000000   Number         0  entry9b.o ABSOLUTE
    ../clib/microlib/init/entry.s            0x00000000   Number         0  entry10a.o ABSOLUTE
    ../clib/microlib/init/entry.s            0x00000000   Number         0  entry8a.o ABSOLUTE
    ../clib/microlib/init/entry.s            0x00000000   Number         0  entry11a.o ABSOLUTE
    ../clib/microlib/init/entry.s            0x00000000   Number         0  entry11b.o ABSOLUTE
    ../clib/microlib/init/entry.s            0x00000000   Number         0  entry.o ABSOLUTE
    ../clib/microlib/init/entry.s            0x00000000   Number         0  entry2.o ABSOLUTE
    ../clib/microlib/init/entry.s            0x00000000   Number         0  entry5.o ABSOLUTE
    ../clib/microlib/longlong.c              0x00000000   Number         0  llushr.o ABSOLUTE
    ../clib/microlib/longlong.c              0x00000000   Number         0  llsshr.o ABSOLUTE
    ../clib/microlib/longlong.c              0x00000000   Number         0  llshl.o ABSOLUTE
    ../clib/microlib/printf/printf.c         0x00000000   Number         0  printf5.o ABSOLUTE
    ../clib/microlib/printf/printf.c         0x00000000   Number         0  printf4.o ABSOLUTE
    ../clib/microlib/printf/printf.c         0x00000000   Number         0  printf7.o ABSOLUTE
    ../clib/microlib/printf/printf.c         0x00000000   Number         0  printf3.o ABSOLUTE
    ../clib/microlib/printf/printf.c         0x00000000   Number         0  printf2.o ABSOLUTE
    ../clib/microlib/printf/printf.c         0x00000000   Number         0  printf8.o ABSOLUTE
    ../clib/microlib/printf/printf.c         0x00000000   Number         0  printf1.o ABSOLUTE
    ../clib/microlib/printf/printf.c         0x00000000   Number         0  printf0.o ABSOLUTE
    ../clib/microlib/printf/printf.c         0x00000000   Number         0  printf6.o ABSOLUTE
    ../clib/microlib/printf/printf.c         0x00000000   Number         0  printfa.o ABSOLUTE
    ../clib/microlib/printf/printf.c         0x00000000   Number         0  printfb.o ABSOLUTE
    ../clib/microlib/printf/stubs.s          0x00000000   Number         0  stubs.o ABSOLUTE
    ../clib/microlib/stubs.s                 0x00000000   Number         0  iusefp.o ABSOLUTE
    ../clib/microlib/stubs.s                 0x00000000   Number         0  useno.o ABSOLUTE
    ../fplib/microlib/fpadd.c                0x00000000   Number         0  dadd.o ABSOLUTE
    ../fplib/microlib/fpdiv.c                0x00000000   Number         0  ddiv.o ABSOLUTE
    ../fplib/microlib/fpepilogue.c           0x00000000   Number         0  depilogue.o ABSOLUTE
    ../fplib/microlib/fpfix.c                0x00000000   Number         0  dfixul.o ABSOLUTE
    ../fplib/microlib/fpmul.c                0x00000000   Number         0  dmul.o ABSOLUTE
    ..\..\..\Drivers\STM32F7xx_HAL_Driver\Src\stm32f7xx_hal.c 0x00000000   Number         0  stm32f7xx_hal.o ABSOLUTE
    ..\..\..\Drivers\STM32F7xx_HAL_Driver\Src\stm32f7xx_hal_cortex.c 0x00000000   Number         0  stm32f7xx_hal_cortex.o ABSOLUTE
    ..\..\..\Drivers\STM32F7xx_HAL_Driver\Src\stm32f7xx_hal_dma.c 0x00000000   Number         0  stm32f7xx_hal_dma.o ABSOLUTE
    ..\..\..\Drivers\STM32F7xx_HAL_Driver\Src\stm32f7xx_hal_gpio.c 0x00000000   Number         0  stm32f7xx_hal_gpio.o ABSOLUTE
    ..\..\..\Drivers\STM32F7xx_HAL_Driver\Src\stm32f7xx_hal_rcc.c 0x00000000   Number         0  stm32f7xx_hal_rcc.o ABSOLUTE
    ..\..\..\Drivers\STM32F7xx_HAL_Driver\Src\stm32f7xx_hal_uart.c 0x00000000   Number         0  stm32f7xx_hal_uart.o ABSOLUTE
    ..\..\..\Drivers\STM32F7xx_HAL_Driver\Src\stm32f7xx_hal_uart_ex.c 0x00000000   Number         0  stm32f7xx_hal_uart_ex.o ABSOLUTE
    ..\..\..\Drivers\STM32F7xx_HAL_Driver\Src\stm32f7xx_ll_adc.c 0x00000000   Number         0  stm32f7xx_ll_adc.o ABSOLUTE
    ..\..\..\Drivers\STM32F7xx_HAL_Driver\Src\stm32f7xx_ll_crc.c 0x00000000   Number         0  stm32f7xx_ll_crc.o ABSOLUTE
    ..\..\..\Drivers\STM32F7xx_HAL_Driver\Src\stm32f7xx_ll_dac.c 0x00000000   Number         0  stm32f7xx_ll_dac.o ABSOLUTE
    ..\..\..\Drivers\STM32F7xx_HAL_Driver\Src\stm32f7xx_ll_dma.c 0x00000000   Number         0  stm32f7xx_ll_dma.o ABSOLUTE
    ..\..\..\Drivers\STM32F7xx_HAL_Driver\Src\stm32f7xx_ll_dma2d.c 0x00000000   Number         0  stm32f7xx_ll_dma2d.o ABSOLUTE
    ..\..\..\Drivers\STM32F7xx_HAL_Driver\Src\stm32f7xx_ll_exti.c 0x00000000   Number         0  stm32f7xx_ll_exti.o ABSOLUTE
    ..\..\..\Drivers\STM32F7xx_HAL_Driver\Src\stm32f7xx_ll_gpio.c 0x00000000   Number         0  stm32f7xx_ll_gpio.o ABSOLUTE
    ..\..\..\Drivers\STM32F7xx_HAL_Driver\Src\stm32f7xx_ll_i2c.c 0x00000000   Number         0  stm32f7xx_ll_i2c.o ABSOLUTE
    ..\..\..\Drivers\STM32F7xx_HAL_Driver\Src\stm32f7xx_ll_pwr.c 0x00000000   Number         0  stm32f7xx_ll_pwr.o ABSOLUTE
    ..\..\..\Drivers\STM32F7xx_HAL_Driver\Src\stm32f7xx_ll_rcc.c 0x00000000   Number         0  stm32f7xx_ll_rcc.o ABSOLUTE
    ..\..\..\Drivers\STM32F7xx_HAL_Driver\Src\stm32f7xx_ll_rng.c 0x00000000   Number         0  stm32f7xx_ll_rng.o ABSOLUTE
    ..\..\..\Drivers\STM32F7xx_HAL_Driver\Src\stm32f7xx_ll_spi.c 0x00000000   Number         0  stm32f7xx_ll_spi.o ABSOLUTE
    ..\..\..\Drivers\STM32F7xx_HAL_Driver\Src\stm32f7xx_ll_tim.c 0x00000000   Number         0  stm32f7xx_ll_tim.o ABSOLUTE
    ..\..\..\Drivers\STM32F7xx_HAL_Driver\Src\stm32f7xx_ll_usart.c 0x00000000   Number         0  stm32f7xx_ll_usart.o ABSOLUTE
    ..\..\..\Drivers\STM32F7xx_HAL_Driver\Src\stm32f7xx_ll_utils.c 0x00000000   Number         0  stm32f7xx_ll_utils.o ABSOLUTE
    ..\Src\main.c                            0x00000000   Number         0  main.o ABSOLUTE
    ..\Src\stm32f7xx_it.c                    0x00000000   Number         0  stm32f7xx_it.o ABSOLUTE
    ..\Src\system_stm32f7xx.c                0x00000000   Number         0  system_stm32f7xx.o ABSOLUTE
    ..\Src\usart\usart.c                     0x00000000   Number         0  usart.o ABSOLUTE
    ..\\..\\..\\Drivers\\STM32F7xx_HAL_Driver\\Src\\stm32f7xx_hal.c 0x00000000   Number         0  stm32f7xx_hal.o ABSOLUTE
    ..\\..\\..\\Drivers\\STM32F7xx_HAL_Driver\\Src\\stm32f7xx_hal_cortex.c 0x00000000   Number         0  stm32f7xx_hal_cortex.o ABSOLUTE
    ..\\..\\..\\Drivers\\STM32F7xx_HAL_Driver\\Src\\stm32f7xx_hal_dma.c 0x00000000   Number         0  stm32f7xx_hal_dma.o ABSOLUTE
    ..\\..\\..\\Drivers\\STM32F7xx_HAL_Driver\\Src\\stm32f7xx_hal_gpio.c 0x00000000   Number         0  stm32f7xx_hal_gpio.o ABSOLUTE
    ..\\..\\..\\Drivers\\STM32F7xx_HAL_Driver\\Src\\stm32f7xx_hal_rcc.c 0x00000000   Number         0  stm32f7xx_hal_rcc.o ABSOLUTE
    ..\\..\\..\\Drivers\\STM32F7xx_HAL_Driver\\Src\\stm32f7xx_hal_uart.c 0x00000000   Number         0  stm32f7xx_hal_uart.o ABSOLUTE
    ..\\..\\..\\Drivers\\STM32F7xx_HAL_Driver\\Src\\stm32f7xx_hal_uart_ex.c 0x00000000   Number         0  stm32f7xx_hal_uart_ex.o ABSOLUTE
    ..\\..\\..\\Drivers\\STM32F7xx_HAL_Driver\\Src\\stm32f7xx_ll_adc.c 0x00000000   Number         0  stm32f7xx_ll_adc.o ABSOLUTE
    ..\\..\\..\\Drivers\\STM32F7xx_HAL_Driver\\Src\\stm32f7xx_ll_crc.c 0x00000000   Number         0  stm32f7xx_ll_crc.o ABSOLUTE
    ..\\..\\..\\Drivers\\STM32F7xx_HAL_Driver\\Src\\stm32f7xx_ll_dac.c 0x00000000   Number         0  stm32f7xx_ll_dac.o ABSOLUTE
    ..\\..\\..\\Drivers\\STM32F7xx_HAL_Driver\\Src\\stm32f7xx_ll_dma.c 0x00000000   Number         0  stm32f7xx_ll_dma.o ABSOLUTE
    ..\\..\\..\\Drivers\\STM32F7xx_HAL_Driver\\Src\\stm32f7xx_ll_dma2d.c 0x00000000   Number         0  stm32f7xx_ll_dma2d.o ABSOLUTE
    ..\\..\\..\\Drivers\\STM32F7xx_HAL_Driver\\Src\\stm32f7xx_ll_exti.c 0x00000000   Number         0  stm32f7xx_ll_exti.o ABSOLUTE
    ..\\..\\..\\Drivers\\STM32F7xx_HAL_Driver\\Src\\stm32f7xx_ll_gpio.c 0x00000000   Number         0  stm32f7xx_ll_gpio.o ABSOLUTE
    ..\\..\\..\\Drivers\\STM32F7xx_HAL_Driver\\Src\\stm32f7xx_ll_i2c.c 0x00000000   Number         0  stm32f7xx_ll_i2c.o ABSOLUTE
    ..\\..\\..\\Drivers\\STM32F7xx_HAL_Driver\\Src\\stm32f7xx_ll_pwr.c 0x00000000   Number         0  stm32f7xx_ll_pwr.o ABSOLUTE
    ..\\..\\..\\Drivers\\STM32F7xx_HAL_Driver\\Src\\stm32f7xx_ll_rcc.c 0x00000000   Number         0  stm32f7xx_ll_rcc.o ABSOLUTE
    ..\\..\\..\\Drivers\\STM32F7xx_HAL_Driver\\Src\\stm32f7xx_ll_rng.c 0x00000000   Number         0  stm32f7xx_ll_rng.o ABSOLUTE
    ..\\..\\..\\Drivers\\STM32F7xx_HAL_Driver\\Src\\stm32f7xx_ll_spi.c 0x00000000   Number         0  stm32f7xx_ll_spi.o ABSOLUTE
    ..\\..\\..\\Drivers\\STM32F7xx_HAL_Driver\\Src\\stm32f7xx_ll_tim.c 0x00000000   Number         0  stm32f7xx_ll_tim.o ABSOLUTE
    ..\\..\\..\\Drivers\\STM32F7xx_HAL_Driver\\Src\\stm32f7xx_ll_usart.c 0x00000000   Number         0  stm32f7xx_ll_usart.o ABSOLUTE
    ..\\..\\..\\Drivers\\STM32F7xx_HAL_Driver\\Src\\stm32f7xx_ll_utils.c 0x00000000   Number         0  stm32f7xx_ll_utils.o ABSOLUTE
    ..\\Src\\usart\\usart.c                  0x00000000   Number         0  usart.o ABSOLUTE
    cdrcmple.s                               0x00000000   Number         0  cdrcmple.o ABSOLUTE
    dc.s                                     0x00000000   Number         0  dc.o ABSOLUTE
    handlers.s                               0x00000000   Number         0  handlers.o ABSOLUTE
    init.s                                   0x00000000   Number         0  init.o ABSOLUTE
    startup_stm32f746xx.s                    0x00000000   Number         0  startup_stm32f746xx.o ABSOLUTE
    RESET                                    0x08000000   Section      456  startup_stm32f746xx.o(RESET)
    .ARM.Collect$$$$00000000                 0x080001c8   Section        0  entry.o(.ARM.Collect$$$$00000000)
    .ARM.Collect$$$$00000001                 0x080001c8   Section        4  entry2.o(.ARM.Collect$$$$00000001)
    .ARM.Collect$$$$00000004                 0x080001cc   Section        4  entry5.o(.ARM.Collect$$$$00000004)
    .ARM.Collect$$$$00000008                 0x080001d0   Section        0  entry7b.o(.ARM.Collect$$$$00000008)
    .ARM.Collect$$$$0000000A                 0x080001d0   Section        0  entry8b.o(.ARM.Collect$$$$0000000A)
    .ARM.Collect$$$$0000000B                 0x080001d0   Section        8  entry9a.o(.ARM.Collect$$$$0000000B)
    .ARM.Collect$$$$0000000D                 0x080001d8   Section        0  entry10a.o(.ARM.Collect$$$$0000000D)
    .ARM.Collect$$$$0000000F                 0x080001d8   Section        0  entry11a.o(.ARM.Collect$$$$0000000F)
    .ARM.Collect$$$$00002712                 0x080001d8   Section        4  entry2.o(.ARM.Collect$$$$00002712)
    __lit__00000000                          0x080001d8   Data           4  entry2.o(.ARM.Collect$$$$00002712)
    .text                                    0x080001dc   Section       36  startup_stm32f746xx.o(.text)
    $v0                                      0x080001dc   Number         0  startup_stm32f746xx.o(.text)
    .text                                    0x08000200   Section        0  uldiv.o(.text)
    .text                                    0x08000262   Section        0  uidiv.o(.text)
    .text                                    0x0800028e   Section        0  llshl.o(.text)
    .text                                    0x080002ac   Section        0  llushr.o(.text)
    .text                                    0x080002cc   Section       36  init.o(.text)
    i.BusFault_Handler                       0x080002f0   Section        0  stm32f7xx_it.o(i.BusFault_Handler)
    i.CPU_CACHE_Enable                       0x080002f4   Section        0  main.o(i.CPU_CACHE_Enable)
    CPU_CACHE_Enable                         0x080002f5   Thumb Code   132  main.o(i.CPU_CACHE_Enable)
    i.DebugMon_Handler                       0x08000380   Section        0  stm32f7xx_it.o(i.DebugMon_Handler)
    i.EXTI0_IRQHandler                       0x08000382   Section        0  stm32f7xx_it.o(i.EXTI0_IRQHandler)
    i.EXTI15_10_IRQHandler                   0x08000384   Section        0  stm32f7xx_it.o(i.EXTI15_10_IRQHandler)
    i.EXTI2_IRQHandler                       0x08000386   Section        0  stm32f7xx_it.o(i.EXTI2_IRQHandler)
    i.HAL_DMA_Abort_IT                       0x08000388   Section        0  stm32f7xx_hal_dma.o(i.HAL_DMA_Abort_IT)
    i.HAL_Delay                              0x080003ac   Section        0  stm32f7xx_hal.o(i.HAL_Delay)
    i.HAL_GPIO_Init                          0x080003d0   Section        0  stm32f7xx_hal_gpio.o(i.HAL_GPIO_Init)
    i.HAL_GetTick                            0x080005b0   Section        0  stm32f7xx_hal.o(i.HAL_GetTick)
    i.HAL_IncTick                            0x080005bc   Section        0  stm32f7xx_hal.o(i.HAL_IncTick)
    i.HAL_Init                               0x080005cc   Section        0  stm32f7xx_hal.o(i.HAL_Init)
    i.HAL_InitTick                           0x080005f8   Section        0  stm32f7xx_hal.o(i.HAL_InitTick)
    i.HAL_MspInit                            0x0800063c   Section        0  stm32f7xx_hal.o(i.HAL_MspInit)
    i.HAL_NVIC_EnableIRQ                     0x0800063e   Section        0  stm32f7xx_hal_cortex.o(i.HAL_NVIC_EnableIRQ)
    i.HAL_NVIC_SetPriority                   0x08000658   Section        0  stm32f7xx_hal_cortex.o(i.HAL_NVIC_SetPriority)
    i.HAL_NVIC_SetPriorityGrouping           0x08000698   Section        0  stm32f7xx_hal_cortex.o(i.HAL_NVIC_SetPriorityGrouping)
    i.HAL_RCC_GetHCLKFreq                    0x080006bc   Section        0  stm32f7xx_hal_rcc.o(i.HAL_RCC_GetHCLKFreq)
    i.HAL_RCC_GetPCLK1Freq                   0x080006c8   Section        0  stm32f7xx_hal_rcc.o(i.HAL_RCC_GetPCLK1Freq)
    i.HAL_RCC_GetPCLK2Freq                   0x080006e8   Section        0  stm32f7xx_hal_rcc.o(i.HAL_RCC_GetPCLK2Freq)
    i.HAL_RCC_GetSysClockFreq                0x08000708   Section        0  stm32f7xx_hal_rcc.o(i.HAL_RCC_GetSysClockFreq)
    i.HAL_SYSTICK_Config                     0x08000774   Section        0  stm32f7xx_hal_cortex.o(i.HAL_SYSTICK_Config)
    i.HAL_UART_ErrorCallback                 0x0800079c   Section        0  stm32f7xx_hal_uart.o(i.HAL_UART_ErrorCallback)
    i.HAL_UART_GetState                      0x0800079e   Section        0  stm32f7xx_hal_uart.o(i.HAL_UART_GetState)
    i.HAL_UART_IRQHandler                    0x080007a8   Section        0  stm32f7xx_hal_uart.o(i.HAL_UART_IRQHandler)
    i.HAL_UART_Init                          0x080008dc   Section        0  stm32f7xx_hal_uart.o(i.HAL_UART_Init)
    i.HAL_UART_MspInit                       0x08000948   Section        0  usart.o(i.HAL_UART_MspInit)
    i.HAL_UART_Receive_IT                    0x080009c8   Section        0  stm32f7xx_hal_uart.o(i.HAL_UART_Receive_IT)
    i.HAL_UART_RxCpltCallback                0x08000a88   Section        0  usart.o(i.HAL_UART_RxCpltCallback)
    i.HAL_UART_TxCpltCallback                0x08000ae8   Section        0  stm32f7xx_hal_uart.o(i.HAL_UART_TxCpltCallback)
    i.HardFault_Handler                      0x08000aea   Section        0  stm32f7xx_it.o(i.HardFault_Handler)
    i.MemManage_Handler                      0x08000aec   Section        0  stm32f7xx_it.o(i.MemManage_Handler)
    i.NMI_Handler                            0x08000aee   Section        0  stm32f7xx_it.o(i.NMI_Handler)
    i.PendSV_Handler                         0x08000af0   Section        0  stm32f7xx_it.o(i.PendSV_Handler)
    i.SVC_Handler                            0x08000af2   Section        0  stm32f7xx_it.o(i.SVC_Handler)
    i.SysTick_Handler                        0x08000af4   Section        0  stm32f7xx_it.o(i.SysTick_Handler)
    i.SystemClock_Config                     0x08000af8   Section        0  main.o(i.SystemClock_Config)
    i.SystemInit                             0x08000be0   Section        0  system_stm32f7xx.o(i.SystemInit)
    i.UART_AdvFeatureConfig                  0x08000c34   Section        0  stm32f7xx_hal_uart.o(i.UART_AdvFeatureConfig)
    i.UART_CheckIdleState                    0x08000cfc   Section        0  stm32f7xx_hal_uart.o(i.UART_CheckIdleState)
    i.UART_DMAAbortOnError                   0x08000d38   Section        0  stm32f7xx_hal_uart.o(i.UART_DMAAbortOnError)
    UART_DMAAbortOnError                     0x08000d39   Thumb Code    20  stm32f7xx_hal_uart.o(i.UART_DMAAbortOnError)
    i.UART_EndRxTransfer                     0x08000d4c   Section        0  stm32f7xx_hal_uart.o(i.UART_EndRxTransfer)
    UART_EndRxTransfer                       0x08000d4d   Thumb Code    30  stm32f7xx_hal_uart.o(i.UART_EndRxTransfer)
    i.UART_EndTransmit_IT                    0x08000d6a   Section        0  stm32f7xx_hal_uart.o(i.UART_EndTransmit_IT)
    UART_EndTransmit_IT                      0x08000d6b   Thumb Code    26  stm32f7xx_hal_uart.o(i.UART_EndTransmit_IT)
    i.UART_RxISR_16BIT                       0x08000d84   Section        0  stm32f7xx_hal_uart.o(i.UART_RxISR_16BIT)
    UART_RxISR_16BIT                         0x08000d85   Thumb Code    88  stm32f7xx_hal_uart.o(i.UART_RxISR_16BIT)
    i.UART_RxISR_8BIT                        0x08000ddc   Section        0  stm32f7xx_hal_uart.o(i.UART_RxISR_8BIT)
    UART_RxISR_8BIT                          0x08000ddd   Thumb Code    88  stm32f7xx_hal_uart.o(i.UART_RxISR_8BIT)
    i.UART_SetConfig                         0x08000e34   Section        0  stm32f7xx_hal_uart.o(i.UART_SetConfig)
    i.UART_WaitOnFlagUntilTimeout            0x08001158   Section        0  stm32f7xx_hal_uart.o(i.UART_WaitOnFlagUntilTimeout)
    i.USART1_IRQHandler                      0x080011b8   Section        0  usart.o(i.USART1_IRQHandler)
    i.UsageFault_Handler                     0x080011fc   Section        0  stm32f7xx_it.o(i.UsageFault_Handler)
    i.__0printf$1                            0x08001200   Section        0  printf1.o(i.__0printf$1)
    i.__NVIC_SetPriority                     0x08001220   Section        0  stm32f7xx_hal_cortex.o(i.__NVIC_SetPriority)
    __NVIC_SetPriority                       0x08001221   Thumb Code    32  stm32f7xx_hal_cortex.o(i.__NVIC_SetPriority)
    i.__scatterload_copy                     0x08001240   Section       14  handlers.o(i.__scatterload_copy)
    i.__scatterload_null                     0x0800124e   Section        2  handlers.o(i.__scatterload_null)
    i.__scatterload_zeroinit                 0x08001250   Section       14  handlers.o(i.__scatterload_zeroinit)
    i._printf_core                           0x08001260   Section        0  printf1.o(i._printf_core)
    _printf_core                             0x08001261   Thumb Code   336  printf1.o(i._printf_core)
    i.fputc                                  0x080013b4   Section        0  usart.o(i.fputc)
    i.main                                   0x080013c8   Section        0  main.o(i.main)
    i.uart_init                              0x08001448   Section        0  usart.o(i.uart_init)
    .constdata                               0x08001480   Section        8  system_stm32f7xx.o(.constdata)
    .data                                    0x20000000   Section       12  stm32f7xx_hal.o(.data)
    .data                                    0x2000000c   Section        4  main.o(.data)
    .data                                    0x20000010   Section        4  usart.o(.data)
    .data                                    0x20000014   Section        4  usart.o(.data)
    .data                                    0x20000018   Section        4  system_stm32f7xx.o(.data)
    .bss                                     0x2000001c   Section      456  usart.o(.bss)
    STACK                                    0x200001e8   Section     1024  startup_stm32f746xx.o(STACK)

    Global Symbols

    Symbol Name                              Value     Ov Type        Size  Object(Section)

    BuildAttributes$$THM_ISAv4$E$P$D$K$B$S$7EM$VFPi5$EXTD16$VFPS$VFMA$PE$PLD8$A:L22UL41UL21$X:L11$S22US41US21$IEEE1$IW$USESV6$~STKCKD$USESV7$~SHL$OSPACE$ROPI$EBA8$MICROLIB$REQ8$PRES8$EABIv2 0x00000000   Number         0  anon$$obj.o ABSOLUTE
    __ARM_use_no_argv                        0x00000000   Number         0  main.o ABSOLUTE
    __use_no_errno                           0x00000000   Number         0  useno.o ABSOLUTE
    __use_no_exception_handling              0x00000000   Number         0  useno.o ABSOLUTE
    __use_no_fp                              0x00000000   Number         0  useno.o ABSOLUTE
    __use_no_heap                            0x00000000   Number         0  useno.o ABSOLUTE
    __use_no_heap_region                     0x00000000   Number         0  useno.o ABSOLUTE
    __use_no_semihosting                     0x00000000   Number         0  useno.o ABSOLUTE
    __use_no_semihosting_swi                 0x00000000   Number         0  useno.o ABSOLUTE
    __use_no_signal_handling                 0x00000000   Number         0  useno.o ABSOLUTE
    _printf_a                                0x00000000   Number         0  stubs.o ABSOLUTE
    _printf_c                                0x00000000   Number         0  stubs.o ABSOLUTE
    _printf_charcount                        0x00000000   Number         0  stubs.o ABSOLUTE
    _printf_d                                0x00000000   Number         0  stubs.o ABSOLUTE
    _printf_e                                0x00000000   Number         0  stubs.o ABSOLUTE
    _printf_f                                0x00000000   Number         0  stubs.o ABSOLUTE
    _printf_flags                            0x00000000   Number         0  stubs.o ABSOLUTE
    _printf_fp_dec                           0x00000000   Number         0  stubs.o ABSOLUTE
    _printf_fp_hex                           0x00000000   Number         0  stubs.o ABSOLUTE
    _printf_g                                0x00000000   Number         0  stubs.o ABSOLUTE
    _printf_i                                0x00000000   Number         0  stubs.o ABSOLUTE
    _printf_int_dec                          0x00000000   Number         0  stubs.o ABSOLUTE
    _printf_l                                0x00000000   Number         0  stubs.o ABSOLUTE
    _printf_lc                               0x00000000   Number         0  stubs.o ABSOLUTE
    _printf_ll                               0x00000000   Number         0  stubs.o ABSOLUTE
    _printf_lld                              0x00000000   Number         0  stubs.o ABSOLUTE
    _printf_lli                              0x00000000   Number         0  stubs.o ABSOLUTE
    _printf_llo                              0x00000000   Number         0  stubs.o ABSOLUTE
    _printf_llu                              0x00000000   Number         0  stubs.o ABSOLUTE
    _printf_llx                              0x00000000   Number         0  stubs.o ABSOLUTE
    _printf_longlong_dec                     0x00000000   Number         0  stubs.o ABSOLUTE
    _printf_longlong_hex                     0x00000000   Number         0  stubs.o ABSOLUTE
    _printf_longlong_oct                     0x00000000   Number         0  stubs.o ABSOLUTE
    _printf_ls                               0x00000000   Number         0  stubs.o ABSOLUTE
    _printf_mbtowc                           0x00000000   Number         0  stubs.o ABSOLUTE
    _printf_n                                0x00000000   Number         0  stubs.o ABSOLUTE
    _printf_o                                0x00000000   Number         0  stubs.o ABSOLUTE
    _printf_p                                0x00000000   Number         0  stubs.o ABSOLUTE
    _printf_percent                          0x00000000   Number         0  stubs.o ABSOLUTE
    _printf_pre_padding                      0x00000000   Number         0  stubs.o ABSOLUTE
    _printf_return_value                     0x00000000   Number         0  stubs.o ABSOLUTE
    _printf_s                                0x00000000   Number         0  stubs.o ABSOLUTE
    _printf_sizespec                         0x00000000   Number         0  stubs.o ABSOLUTE
    _printf_str                              0x00000000   Number         0  stubs.o ABSOLUTE
    _printf_truncate_signed                  0x00000000   Number         0  stubs.o ABSOLUTE
    _printf_truncate_unsigned                0x00000000   Number         0  stubs.o ABSOLUTE
    _printf_u                                0x00000000   Number         0  stubs.o ABSOLUTE
    _printf_wc                               0x00000000   Number         0  stubs.o ABSOLUTE
    _printf_wctomb                           0x00000000   Number         0  stubs.o ABSOLUTE
    _printf_widthprec                        0x00000000   Number         0  stubs.o ABSOLUTE
    _printf_x                                0x00000000   Number         0  stubs.o ABSOLUTE
    __cpp_initialize__aeabi_                  - Undefined Weak Reference
    __cxa_finalize                            - Undefined Weak Reference
    __decompress                              - Undefined Weak Reference
    _clock_init                               - Undefined Weak Reference
    _microlib_exit                            - Undefined Weak Reference
    __Vectors_Size                           0x000001c8   Number         0  startup_stm32f746xx.o ABSOLUTE
    __Vectors                                0x08000000   Data           4  startup_stm32f746xx.o(RESET)
    __Vectors_End                            0x080001c8   Data           0  startup_stm32f746xx.o(RESET)
    __main                                   0x080001c9   Thumb Code     0  entry.o(.ARM.Collect$$$$00000000)
    _main_stk                                0x080001c9   Thumb Code     0  entry2.o(.ARM.Collect$$$$00000001)
    _main_scatterload                        0x080001cd   Thumb Code     0  entry5.o(.ARM.Collect$$$$00000004)
    __main_after_scatterload                 0x080001d1   Thumb Code     0  entry5.o(.ARM.Collect$$$$00000004)
    _main_clock                              0x080001d1   Thumb Code     0  entry7b.o(.ARM.Collect$$$$00000008)
    _main_cpp_init                           0x080001d1   Thumb Code     0  entry8b.o(.ARM.Collect$$$$0000000A)
    _main_init                               0x080001d1   Thumb Code     0  entry9a.o(.ARM.Collect$$$$0000000B)
    __rt_final_cpp                           0x080001d9   Thumb Code     0  entry10a.o(.ARM.Collect$$$$0000000D)
    __rt_final_exit                          0x080001d9   Thumb Code     0  entry11a.o(.ARM.Collect$$$$0000000F)
    Reset_Handler                            0x080001dd   Thumb Code     8  startup_stm32f746xx.o(.text)
    ADC_IRQHandler                           0x080001f7   Thumb Code     0  startup_stm32f746xx.o(.text)
    CAN1_RX0_IRQHandler                      0x080001f7   Thumb Code     0  startup_stm32f746xx.o(.text)
    CAN1_RX1_IRQHandler                      0x080001f7   Thumb Code     0  startup_stm32f746xx.o(.text)
    CAN1_SCE_IRQHandler                      0x080001f7   Thumb Code     0  startup_stm32f746xx.o(.text)
    CAN1_TX_IRQHandler                       0x080001f7   Thumb Code     0  startup_stm32f746xx.o(.text)
    CAN2_RX0_IRQHandler                      0x080001f7   Thumb Code     0  startup_stm32f746xx.o(.text)
    CAN2_RX1_IRQHandler                      0x080001f7   Thumb Code     0  startup_stm32f746xx.o(.text)
    CAN2_SCE_IRQHandler                      0x080001f7   Thumb Code     0  startup_stm32f746xx.o(.text)
    CAN2_TX_IRQHandler                       0x080001f7   Thumb Code     0  startup_stm32f746xx.o(.text)
    CEC_IRQHandler                           0x080001f7   Thumb Code     0  startup_stm32f746xx.o(.text)
    DCMI_IRQHandler                          0x080001f7   Thumb Code     0  startup_stm32f746xx.o(.text)
    DMA1_Stream0_IRQHandler                  0x080001f7   Thumb Code     0  startup_stm32f746xx.o(.text)
    DMA1_Stream1_IRQHandler                  0x080001f7   Thumb Code     0  startup_stm32f746xx.o(.text)
    DMA1_Stream2_IRQHandler                  0x080001f7   Thumb Code     0  startup_stm32f746xx.o(.text)
    DMA1_Stream3_IRQHandler                  0x080001f7   Thumb Code     0  startup_stm32f746xx.o(.text)
    DMA1_Stream4_IRQHandler                  0x080001f7   Thumb Code     0  startup_stm32f746xx.o(.text)
    DMA1_Stream5_IRQHandler                  0x080001f7   Thumb Code     0  startup_stm32f746xx.o(.text)
    DMA1_Stream6_IRQHandler                  0x080001f7   Thumb Code     0  startup_stm32f746xx.o(.text)
    DMA1_Stream7_IRQHandler                  0x080001f7   Thumb Code     0  startup_stm32f746xx.o(.text)
    DMA2D_IRQHandler                         0x080001f7   Thumb Code     0  startup_stm32f746xx.o(.text)
    DMA2_Stream0_IRQHandler                  0x080001f7   Thumb Code     0  startup_stm32f746xx.o(.text)
    DMA2_Stream1_IRQHandler                  0x080001f7   Thumb Code     0  startup_stm32f746xx.o(.text)
    DMA2_Stream2_IRQHandler                  0x080001f7   Thumb Code     0  startup_stm32f746xx.o(.text)
    DMA2_Stream3_IRQHandler                  0x080001f7   Thumb Code     0  startup_stm32f746xx.o(.text)
    DMA2_Stream4_IRQHandler                  0x080001f7   Thumb Code     0  startup_stm32f746xx.o(.text)
    DMA2_Stream5_IRQHandler                  0x080001f7   Thumb Code     0  startup_stm32f746xx.o(.text)
    DMA2_Stream6_IRQHandler                  0x080001f7   Thumb Code     0  startup_stm32f746xx.o(.text)
    DMA2_Stream7_IRQHandler                  0x080001f7   Thumb Code     0  startup_stm32f746xx.o(.text)
    ETH_IRQHandler                           0x080001f7   Thumb Code     0  startup_stm32f746xx.o(.text)
    ETH_WKUP_IRQHandler                      0x080001f7   Thumb Code     0  startup_stm32f746xx.o(.text)
    EXTI1_IRQHandler                         0x080001f7   Thumb Code     0  startup_stm32f746xx.o(.text)
    EXTI3_IRQHandler                         0x080001f7   Thumb Code     0  startup_stm32f746xx.o(.text)
    EXTI4_IRQHandler                         0x080001f7   Thumb Code     0  startup_stm32f746xx.o(.text)
    EXTI9_5_IRQHandler                       0x080001f7   Thumb Code     0  startup_stm32f746xx.o(.text)
    FLASH_IRQHandler                         0x080001f7   Thumb Code     0  startup_stm32f746xx.o(.text)
    FMC_IRQHandler                           0x080001f7   Thumb Code     0  startup_stm32f746xx.o(.text)
    FPU_IRQHandler                           0x080001f7   Thumb Code     0  startup_stm32f746xx.o(.text)
    I2C1_ER_IRQHandler                       0x080001f7   Thumb Code     0  startup_stm32f746xx.o(.text)
    I2C1_EV_IRQHandler                       0x080001f7   Thumb Code     0  startup_stm32f746xx.o(.text)
    I2C2_ER_IRQHandler                       0x080001f7   Thumb Code     0  startup_stm32f746xx.o(.text)
    I2C2_EV_IRQHandler                       0x080001f7   Thumb Code     0  startup_stm32f746xx.o(.text)
    I2C3_ER_IRQHandler                       0x080001f7   Thumb Code     0  startup_stm32f746xx.o(.text)
    I2C3_EV_IRQHandler                       0x080001f7   Thumb Code     0  startup_stm32f746xx.o(.text)
    I2C4_ER_IRQHandler                       0x080001f7   Thumb Code     0  startup_stm32f746xx.o(.text)
    I2C4_EV_IRQHandler                       0x080001f7   Thumb Code     0  startup_stm32f746xx.o(.text)
    LPTIM1_IRQHandler                        0x080001f7   Thumb Code     0  startup_stm32f746xx.o(.text)
    LTDC_ER_IRQHandler                       0x080001f7   Thumb Code     0  startup_stm32f746xx.o(.text)
    LTDC_IRQHandler                          0x080001f7   Thumb Code     0  startup_stm32f746xx.o(.text)
    OTG_FS_IRQHandler                        0x080001f7   Thumb Code     0  startup_stm32f746xx.o(.text)
    OTG_FS_WKUP_IRQHandler                   0x080001f7   Thumb Code     0  startup_stm32f746xx.o(.text)
    OTG_HS_EP1_IN_IRQHandler                 0x080001f7   Thumb Code     0  startup_stm32f746xx.o(.text)
    OTG_HS_EP1_OUT_IRQHandler                0x080001f7   Thumb Code     0  startup_stm32f746xx.o(.text)
    OTG_HS_IRQHandler                        0x080001f7   Thumb Code     0  startup_stm32f746xx.o(.text)
    OTG_HS_WKUP_IRQHandler                   0x080001f7   Thumb Code     0  startup_stm32f746xx.o(.text)
    PVD_IRQHandler                           0x080001f7   Thumb Code     0  startup_stm32f746xx.o(.text)
    QUADSPI_IRQHandler                       0x080001f7   Thumb Code     0  startup_stm32f746xx.o(.text)
    RCC_IRQHandler                           0x080001f7   Thumb Code     0  startup_stm32f746xx.o(.text)
    RNG_IRQHandler                           0x080001f7   Thumb Code     0  startup_stm32f746xx.o(.text)
    RTC_Alarm_IRQHandler                     0x080001f7   Thumb Code     0  startup_stm32f746xx.o(.text)
    RTC_WKUP_IRQHandler                      0x080001f7   Thumb Code     0  startup_stm32f746xx.o(.text)
    SAI1_IRQHandler                          0x080001f7   Thumb Code     0  startup_stm32f746xx.o(.text)
    SAI2_IRQHandler                          0x080001f7   Thumb Code     0  startup_stm32f746xx.o(.text)
    SDMMC1_IRQHandler                        0x080001f7   Thumb Code     0  startup_stm32f746xx.o(.text)
    SPDIF_RX_IRQHandler                      0x080001f7   Thumb Code     0  startup_stm32f746xx.o(.text)
    SPI1_IRQHandler                          0x080001f7   Thumb Code     0  startup_stm32f746xx.o(.text)
    SPI2_IRQHandler                          0x080001f7   Thumb Code     0  startup_stm32f746xx.o(.text)
    SPI3_IRQHandler                          0x080001f7   Thumb Code     0  startup_stm32f746xx.o(.text)
    SPI4_IRQHandler                          0x080001f7   Thumb Code     0  startup_stm32f746xx.o(.text)
    SPI5_IRQHandler                          0x080001f7   Thumb Code     0  startup_stm32f746xx.o(.text)
    SPI6_IRQHandler                          0x080001f7   Thumb Code     0  startup_stm32f746xx.o(.text)
    TAMP_STAMP_IRQHandler                    0x080001f7   Thumb Code     0  startup_stm32f746xx.o(.text)
    TIM1_BRK_TIM9_IRQHandler                 0x080001f7   Thumb Code     0  startup_stm32f746xx.o(.text)
    TIM1_CC_IRQHandler                       0x080001f7   Thumb Code     0  startup_stm32f746xx.o(.text)
    TIM1_TRG_COM_TIM11_IRQHandler            0x080001f7   Thumb Code     0  startup_stm32f746xx.o(.text)
    TIM1_UP_TIM10_IRQHandler                 0x080001f7   Thumb Code     0  startup_stm32f746xx.o(.text)
    TIM2_IRQHandler                          0x080001f7   Thumb Code     0  startup_stm32f746xx.o(.text)
    TIM3_IRQHandler                          0x080001f7   Thumb Code     0  startup_stm32f746xx.o(.text)
    TIM4_IRQHandler                          0x080001f7   Thumb Code     0  startup_stm32f746xx.o(.text)
    TIM5_IRQHandler                          0x080001f7   Thumb Code     0  startup_stm32f746xx.o(.text)
    TIM6_DAC_IRQHandler                      0x080001f7   Thumb Code     0  startup_stm32f746xx.o(.text)
    TIM7_IRQHandler                          0x080001f7   Thumb Code     0  startup_stm32f746xx.o(.text)
    TIM8_BRK_TIM12_IRQHandler                0x080001f7   Thumb Code     0  startup_stm32f746xx.o(.text)
    TIM8_CC_IRQHandler                       0x080001f7   Thumb Code     0  startup_stm32f746xx.o(.text)
    TIM8_TRG_COM_TIM14_IRQHandler            0x080001f7   Thumb Code     0  startup_stm32f746xx.o(.text)
    TIM8_UP_TIM13_IRQHandler                 0x080001f7   Thumb Code     0  startup_stm32f746xx.o(.text)
    UART4_IRQHandler                         0x080001f7   Thumb Code     0  startup_stm32f746xx.o(.text)
    UART5_IRQHandler                         0x080001f7   Thumb Code     0  startup_stm32f746xx.o(.text)
    UART7_IRQHandler                         0x080001f7   Thumb Code     0  startup_stm32f746xx.o(.text)
    UART8_IRQHandler                         0x080001f7   Thumb Code     0  startup_stm32f746xx.o(.text)
    USART2_IRQHandler                        0x080001f7   Thumb Code     0  startup_stm32f746xx.o(.text)
    USART3_IRQHandler                        0x080001f7   Thumb Code     0  startup_stm32f746xx.o(.text)
    USART6_IRQHandler                        0x080001f7   Thumb Code     0  startup_stm32f746xx.o(.text)
    WWDG_IRQHandler                          0x080001f7   Thumb Code     0  startup_stm32f746xx.o(.text)
    __aeabi_uldivmod                         0x08000201   Thumb Code    98  uldiv.o(.text)
    __aeabi_uidiv                            0x08000263   Thumb Code     0  uidiv.o(.text)
    __aeabi_uidivmod                         0x08000263   Thumb Code    44  uidiv.o(.text)
    __aeabi_llsl                             0x0800028f   Thumb Code    30  llshl.o(.text)
    _ll_shift_l                              0x0800028f   Thumb Code     0  llshl.o(.text)
    __aeabi_llsr                             0x080002ad   Thumb Code    32  llushr.o(.text)
    _ll_ushift_r                             0x080002ad   Thumb Code     0  llushr.o(.text)
    __scatterload                            0x080002cd   Thumb Code    28  init.o(.text)
    __scatterload_rt2                        0x080002cd   Thumb Code     0  init.o(.text)
    BusFault_Handler                         0x080002f1   Thumb Code     2  stm32f7xx_it.o(i.BusFault_Handler)
    DebugMon_Handler                         0x08000381   Thumb Code     2  stm32f7xx_it.o(i.DebugMon_Handler)
    EXTI0_IRQHandler                         0x08000383   Thumb Code     2  stm32f7xx_it.o(i.EXTI0_IRQHandler)
    EXTI15_10_IRQHandler                     0x08000385   Thumb Code     2  stm32f7xx_it.o(i.EXTI15_10_IRQHandler)
    EXTI2_IRQHandler                         0x08000387   Thumb Code     2  stm32f7xx_it.o(i.EXTI2_IRQHandler)
    HAL_DMA_Abort_IT                         0x08000389   Thumb Code    36  stm32f7xx_hal_dma.o(i.HAL_DMA_Abort_IT)
    HAL_Delay                                0x080003ad   Thumb Code    32  stm32f7xx_hal.o(i.HAL_Delay)
    HAL_GPIO_Init                            0x080003d1   Thumb Code   426  stm32f7xx_hal_gpio.o(i.HAL_GPIO_Init)
    HAL_GetTick                              0x080005b1   Thumb Code     6  stm32f7xx_hal.o(i.HAL_GetTick)
    HAL_IncTick                              0x080005bd   Thumb Code    12  stm32f7xx_hal.o(i.HAL_IncTick)
    HAL_Init                                 0x080005cd   Thumb Code    40  stm32f7xx_hal.o(i.HAL_Init)
    HAL_InitTick                             0x080005f9   Thumb Code    58  stm32f7xx_hal.o(i.HAL_InitTick)
    HAL_MspInit                              0x0800063d   Thumb Code     2  stm32f7xx_hal.o(i.HAL_MspInit)
    HAL_NVIC_EnableIRQ                       0x0800063f   Thumb Code    26  stm32f7xx_hal_cortex.o(i.HAL_NVIC_EnableIRQ)
    HAL_NVIC_SetPriority                     0x08000659   Thumb Code    60  stm32f7xx_hal_cortex.o(i.HAL_NVIC_SetPriority)
    HAL_NVIC_SetPriorityGrouping             0x08000699   Thumb Code    26  stm32f7xx_hal_cortex.o(i.HAL_NVIC_SetPriorityGrouping)
    HAL_RCC_GetHCLKFreq                      0x080006bd   Thumb Code     6  stm32f7xx_hal_rcc.o(i.HAL_RCC_GetHCLKFreq)
    HAL_RCC_GetPCLK1Freq                     0x080006c9   Thumb Code    22  stm32f7xx_hal_rcc.o(i.HAL_RCC_GetPCLK1Freq)
    HAL_RCC_GetPCLK2Freq                     0x080006e9   Thumb Code    22  stm32f7xx_hal_rcc.o(i.HAL_RCC_GetPCLK2Freq)
    HAL_RCC_GetSysClockFreq                  0x08000709   Thumb Code    94  stm32f7xx_hal_rcc.o(i.HAL_RCC_GetSysClockFreq)
    HAL_SYSTICK_Config                       0x08000775   Thumb Code    40  stm32f7xx_hal_cortex.o(i.HAL_SYSTICK_Config)
    HAL_UART_ErrorCallback                   0x0800079d   Thumb Code     2  stm32f7xx_hal_uart.o(i.HAL_UART_ErrorCallback)
    HAL_UART_GetState                        0x0800079f   Thumb Code    10  stm32f7xx_hal_uart.o(i.HAL_UART_GetState)
    HAL_UART_IRQHandler                      0x080007a9   Thumb Code   302  stm32f7xx_hal_uart.o(i.HAL_UART_IRQHandler)
    HAL_UART_Init                            0x080008dd   Thumb Code   108  stm32f7xx_hal_uart.o(i.HAL_UART_Init)
    HAL_UART_MspInit                         0x08000949   Thumb Code   110  usart.o(i.HAL_UART_MspInit)
    HAL_UART_Receive_IT                      0x080009c9   Thumb Code   184  stm32f7xx_hal_uart.o(i.HAL_UART_Receive_IT)
    HAL_UART_RxCpltCallback                  0x08000a89   Thumb Code    82  usart.o(i.HAL_UART_RxCpltCallback)
    HAL_UART_TxCpltCallback                  0x08000ae9   Thumb Code     2  stm32f7xx_hal_uart.o(i.HAL_UART_TxCpltCallback)
    HardFault_Handler                        0x08000aeb   Thumb Code     2  stm32f7xx_it.o(i.HardFault_Handler)
    MemManage_Handler                        0x08000aed   Thumb Code     2  stm32f7xx_it.o(i.MemManage_Handler)
    NMI_Handler                              0x08000aef   Thumb Code     2  stm32f7xx_it.o(i.NMI_Handler)
    PendSV_Handler                           0x08000af1   Thumb Code     2  stm32f7xx_it.o(i.PendSV_Handler)
    SVC_Handler                              0x08000af3   Thumb Code     2  stm32f7xx_it.o(i.SVC_Handler)
    SysTick_Handler                          0x08000af5   Thumb Code     4  stm32f7xx_it.o(i.SysTick_Handler)
    SystemClock_Config                       0x08000af9   Thumb Code   198  main.o(i.SystemClock_Config)
    SystemInit                               0x08000be1   Thumb Code    66  system_stm32f7xx.o(i.SystemInit)
    UART_AdvFeatureConfig                    0x08000c35   Thumb Code   200  stm32f7xx_hal_uart.o(i.UART_AdvFeatureConfig)
    UART_CheckIdleState                      0x08000cfd   Thumb Code    60  stm32f7xx_hal_uart.o(i.UART_CheckIdleState)
    UART_SetConfig                           0x08000e35   Thumb Code   756  stm32f7xx_hal_uart.o(i.UART_SetConfig)
    UART_WaitOnFlagUntilTimeout              0x08001159   Thumb Code    96  stm32f7xx_hal_uart.o(i.UART_WaitOnFlagUntilTimeout)
    USART1_IRQHandler                        0x080011b9   Thumb Code    56  usart.o(i.USART1_IRQHandler)
    UsageFault_Handler                       0x080011fd   Thumb Code     2  stm32f7xx_it.o(i.UsageFault_Handler)
    __0printf$1                              0x08001201   Thumb Code    22  printf1.o(i.__0printf$1)
    __1printf$1                              0x08001201   Thumb Code     0  printf1.o(i.__0printf$1)
    __2printf                                0x08001201   Thumb Code     0  printf1.o(i.__0printf$1)
    __scatterload_copy                       0x08001241   Thumb Code    14  handlers.o(i.__scatterload_copy)
    __scatterload_null                       0x0800124f   Thumb Code     2  handlers.o(i.__scatterload_null)
    __scatterload_zeroinit                   0x08001251   Thumb Code    14  handlers.o(i.__scatterload_zeroinit)
    fputc                                    0x080013b5   Thumb Code    14  usart.o(i.fputc)
    main                                     0x080013c9   Thumb Code    58  main.o(i.main)
    uart_init                                0x08001449   Thumb Code    44  usart.o(i.uart_init)
    APBPrescTable                            0x08001480   Data           8  system_stm32f7xx.o(.constdata)
    Region$$Table$$Base                      0x08001488   Number         0  anon$$obj.o(Region$$Table)
    Region$$Table$$Limit                     0x080014a8   Number         0  anon$$obj.o(Region$$Table)
    uwTickFreq                               0x20000000   Data           1  stm32f7xx_hal.o(.data)
    uwTickPrio                               0x20000004   Data           4  stm32f7xx_hal.o(.data)
    uwTick                                   0x20000008   Data           4  stm32f7xx_hal.o(.data)
    main_run_count                           0x2000000c   Data           4  main.o(.data)
    aRxBuffer_1                              0x20000010   Data           1  usart.o(.data)
    USART_RX_STA                             0x20000012   Data           2  usart.o(.data)
    __stdout                                 0x20000014   Data           4  usart.o(.data)
    SystemCoreClock                          0x20000018   Data           4  system_stm32f7xx.o(.data)
    aRxBuffer                                0x2000001c   Data         128  usart.o(.bss)
    USART_RX_BUF                             0x2000009c   Data         200  usart.o(.bss)
    UART1_Handler                            0x20000164   Data         128  usart.o(.bss)
    __initial_sp                             0x200005e8   Data           0  startup_stm32f746xx.o(STACK)



==============================================================================

Memory Map of the image

  Image Entry point : 0x080001c9

  Load Region LR_IROM1 (Base: 0x08000000, Size: 0x000014c4, Max: 0x00100000, ABSOLUTE)

    Execution Region ER_IROM1 (Exec base: 0x08000000, Load base: 0x08000000, Size: 0x000014a8, Max: 0x00100000, ABSOLUTE)

    Exec Addr    Load Addr    Size         Type   Attr      Idx    E Section Name        Object

    0x08000000   0x08000000   0x000001c8   Data   RO         2560    RESET               startup_stm32f746xx.o
    0x080001c8   0x080001c8   0x00000000   Code   RO         2565  * .ARM.Collect$$$$00000000  mc_w.l(entry.o)
    0x080001c8   0x080001c8   0x00000004   Code   RO         2831    .ARM.Collect$$$$00000001  mc_w.l(entry2.o)
    0x080001cc   0x080001cc   0x00000004   Code   RO         2834    .ARM.Collect$$$$00000004  mc_w.l(entry5.o)
    0x080001d0   0x080001d0   0x00000000   Code   RO         2836    .ARM.Collect$$$$00000008  mc_w.l(entry7b.o)
    0x080001d0   0x080001d0   0x00000000   Code   RO         2838    .ARM.Collect$$$$0000000A  mc_w.l(entry8b.o)
    0x080001d0   0x080001d0   0x00000008   Code   RO         2839    .ARM.Collect$$$$0000000B  mc_w.l(entry9a.o)
    0x080001d8   0x080001d8   0x00000000   Code   RO         2841    .ARM.Collect$$$$0000000D  mc_w.l(entry10a.o)
    0x080001d8   0x080001d8   0x00000000   Code   RO         2843    .ARM.Collect$$$$0000000F  mc_w.l(entry11a.o)
    0x080001d8   0x080001d8   0x00000004   Code   RO         2832    .ARM.Collect$$$$00002712  mc_w.l(entry2.o)
    0x080001dc   0x080001dc   0x00000024   Code   RO         2561    .text               startup_stm32f746xx.o
    0x08000200   0x08000200   0x00000062   Code   RO         2568    .text               mc_w.l(uldiv.o)
    0x08000262   0x08000262   0x0000002c   Code   RO         2845    .text               mc_w.l(uidiv.o)
    0x0800028e   0x0800028e   0x0000001e   Code   RO         2847    .text               mc_w.l(llshl.o)
    0x080002ac   0x080002ac   0x00000020   Code   RO         2849    .text               mc_w.l(llushr.o)
    0x080002cc   0x080002cc   0x00000024   Code   RO         2862    .text               mc_w.l(init.o)
    0x080002f0   0x080002f0   0x00000002   Code   RO         2246    i.BusFault_Handler  stm32f7xx_it.o
    0x080002f2   0x080002f2   0x00000002   PAD
    0x080002f4   0x080002f4   0x0000008c   Code   RO         2396    i.CPU_CACHE_Enable  main.o
    0x08000380   0x08000380   0x00000002   Code   RO         2247    i.DebugMon_Handler  stm32f7xx_it.o
    0x08000382   0x08000382   0x00000002   Code   RO         2248    i.EXTI0_IRQHandler  stm32f7xx_it.o
    0x08000384   0x08000384   0x00000002   Code   RO         2249    i.EXTI15_10_IRQHandler  stm32f7xx_it.o
    0x08000386   0x08000386   0x00000002   Code   RO         2250    i.EXTI2_IRQHandler  stm32f7xx_it.o
    0x08000388   0x08000388   0x00000024   Code   RO         1651    i.HAL_DMA_Abort_IT  stm32f7xx_hal_dma.o
    0x080003ac   0x080003ac   0x00000024   Code   RO         1149    i.HAL_Delay         stm32f7xx_hal.o
    0x080003d0   0x080003d0   0x000001e0   Code   RO         1584    i.HAL_GPIO_Init     stm32f7xx_hal_gpio.o
    0x080005b0   0x080005b0   0x0000000c   Code   RO         1157    i.HAL_GetTick       stm32f7xx_hal.o
    0x080005bc   0x080005bc   0x00000010   Code   RO         1163    i.HAL_IncTick       stm32f7xx_hal.o
    0x080005cc   0x080005cc   0x0000002c   Code   RO         1164    i.HAL_Init          stm32f7xx_hal.o
    0x080005f8   0x080005f8   0x00000044   Code   RO         1165    i.HAL_InitTick      stm32f7xx_hal.o
    0x0800063c   0x0800063c   0x00000002   Code   RO         1167    i.HAL_MspInit       stm32f7xx_hal.o
    0x0800063e   0x0800063e   0x0000001a   Code   RO         1447    i.HAL_NVIC_EnableIRQ  stm32f7xx_hal_cortex.o
    0x08000658   0x08000658   0x00000040   Code   RO         1453    i.HAL_NVIC_SetPriority  stm32f7xx_hal_cortex.o
    0x08000698   0x08000698   0x00000024   Code   RO         1454    i.HAL_NVIC_SetPriorityGrouping  stm32f7xx_hal_cortex.o
    0x080006bc   0x080006bc   0x0000000c   Code   RO         1759    i.HAL_RCC_GetHCLKFreq  stm32f7xx_hal_rcc.o
    0x080006c8   0x080006c8   0x00000020   Code   RO         1761    i.HAL_RCC_GetPCLK1Freq  stm32f7xx_hal_rcc.o
    0x080006e8   0x080006e8   0x00000020   Code   RO         1762    i.HAL_RCC_GetPCLK2Freq  stm32f7xx_hal_rcc.o
    0x08000708   0x08000708   0x0000006c   Code   RO         1763    i.HAL_RCC_GetSysClockFreq  stm32f7xx_hal_rcc.o
    0x08000774   0x08000774   0x00000028   Code   RO         1458    i.HAL_SYSTICK_Config  stm32f7xx_hal_cortex.o
    0x0800079c   0x0800079c   0x00000002   Code   RO         1877    i.HAL_UART_ErrorCallback  stm32f7xx_hal_uart.o
    0x0800079e   0x0800079e   0x0000000a   Code   RO         1879    i.HAL_UART_GetState  stm32f7xx_hal_uart.o
    0x080007a8   0x080007a8   0x00000134   Code   RO         1880    i.HAL_UART_IRQHandler  stm32f7xx_hal_uart.o
    0x080008dc   0x080008dc   0x0000006c   Code   RO         1881    i.HAL_UART_Init     stm32f7xx_hal_uart.o
    0x08000948   0x08000948   0x00000080   Code   RO         2454    i.HAL_UART_MspInit  usart.o
    0x080009c8   0x080009c8   0x000000c0   Code   RO         1886    i.HAL_UART_Receive_IT  stm32f7xx_hal_uart.o
    0x08000a88   0x08000a88   0x00000060   Code   RO         2455    i.HAL_UART_RxCpltCallback  usart.o
    0x08000ae8   0x08000ae8   0x00000002   Code   RO         1892    i.HAL_UART_TxCpltCallback  stm32f7xx_hal_uart.o
    0x08000aea   0x08000aea   0x00000002   Code   RO         2251    i.HardFault_Handler  stm32f7xx_it.o
    0x08000aec   0x08000aec   0x00000002   Code   RO         2252    i.MemManage_Handler  stm32f7xx_it.o
    0x08000aee   0x08000aee   0x00000002   Code   RO         2253    i.NMI_Handler       stm32f7xx_it.o
    0x08000af0   0x08000af0   0x00000002   Code   RO         2254    i.PendSV_Handler    stm32f7xx_it.o
    0x08000af2   0x08000af2   0x00000002   Code   RO         2255    i.SVC_Handler       stm32f7xx_it.o
    0x08000af4   0x08000af4   0x00000004   Code   RO         2256    i.SysTick_Handler   stm32f7xx_it.o
    0x08000af8   0x08000af8   0x000000e8   Code   RO         2397    i.SystemClock_Config  main.o
    0x08000be0   0x08000be0   0x00000054   Code   RO         2524    i.SystemInit        system_stm32f7xx.o
    0x08000c34   0x08000c34   0x000000c8   Code   RO         1894    i.UART_AdvFeatureConfig  stm32f7xx_hal_uart.o
    0x08000cfc   0x08000cfc   0x0000003c   Code   RO         1895    i.UART_CheckIdleState  stm32f7xx_hal_uart.o
    0x08000d38   0x08000d38   0x00000014   Code   RO         1896    i.UART_DMAAbortOnError  stm32f7xx_hal_uart.o
    0x08000d4c   0x08000d4c   0x0000001e   Code   RO         1906    i.UART_EndRxTransfer  stm32f7xx_hal_uart.o
    0x08000d6a   0x08000d6a   0x0000001a   Code   RO         1907    i.UART_EndTransmit_IT  stm32f7xx_hal_uart.o
    0x08000d84   0x08000d84   0x00000058   Code   RO         1909    i.UART_RxISR_16BIT  stm32f7xx_hal_uart.o
    0x08000ddc   0x08000ddc   0x00000058   Code   RO         1910    i.UART_RxISR_8BIT   stm32f7xx_hal_uart.o
    0x08000e34   0x08000e34   0x00000324   Code   RO         1911    i.UART_SetConfig    stm32f7xx_hal_uart.o
    0x08001158   0x08001158   0x00000060   Code   RO         1914    i.UART_WaitOnFlagUntilTimeout  stm32f7xx_hal_uart.o
    0x080011b8   0x080011b8   0x00000044   Code   RO         2456    i.USART1_IRQHandler  usart.o
    0x080011fc   0x080011fc   0x00000002   Code   RO         2257    i.UsageFault_Handler  stm32f7xx_it.o
    0x080011fe   0x080011fe   0x00000002   PAD
    0x08001200   0x08001200   0x00000020   Code   RO         2615    i.__0printf$1       mc_w.l(printf1.o)
    0x08001220   0x08001220   0x00000020   Code   RO         1460    i.__NVIC_SetPriority  stm32f7xx_hal_cortex.o
    0x08001240   0x08001240   0x0000000e   Code   RO         2870    i.__scatterload_copy  mc_w.l(handlers.o)
    0x0800124e   0x0800124e   0x00000002   Code   RO         2871    i.__scatterload_null  mc_w.l(handlers.o)
    0x08001250   0x08001250   0x0000000e   Code   RO         2872    i.__scatterload_zeroinit  mc_w.l(handlers.o)
    0x0800125e   0x0800125e   0x00000002   PAD
    0x08001260   0x08001260   0x00000154   Code   RO         2622    i._printf_core      mc_w.l(printf1.o)
    0x080013b4   0x080013b4   0x00000014   Code   RO         2458    i.fputc             usart.o
    0x080013c8   0x080013c8   0x00000080   Code   RO         2398    i.main              main.o
    0x08001448   0x08001448   0x00000038   Code   RO         2459    i.uart_init         usart.o
    0x08001480   0x08001480   0x00000008   Data   RO         2526    .constdata          system_stm32f7xx.o
    0x08001488   0x08001488   0x00000020   Data   RO         2868    Region$$Table       anon$$obj.o


    Execution Region RW_IRAM1 (Exec base: 0x20000000, Load base: 0x080014a8, Size: 0x000005e8, Max: 0x00050000, ABSOLUTE)

    Exec Addr    Load Addr    Size         Type   Attr      Idx    E Section Name        Object

    0x20000000   0x080014a8   0x0000000c   Data   RW         1171    .data               stm32f7xx_hal.o
    0x2000000c   0x080014b4   0x00000004   Data   RW         2399    .data               main.o
    0x20000010   0x080014b8   0x00000004   Data   RW         2461    .data               usart.o
    0x20000014   0x080014bc   0x00000004   Data   RW         2462    .data               usart.o
    0x20000018   0x080014c0   0x00000004   Data   RW         2527    .data               system_stm32f7xx.o
    0x2000001c        -       0x000001c8   Zero   RW         2460    .bss                usart.o
    0x200001e4   0x080014c4   0x00000004   PAD
    0x200001e8        -       0x00000400   Zero   RW         2558    STACK               startup_stm32f746xx.o


==============================================================================

Image component sizes


      Code (inc. data)   RO Data    RW Data    ZI Data      Debug   Object Name

       500        112          0          4          0      96476   main.o
        36          8        456          0       1024        816   startup_stm32f746xx.o
       178         28          0         12          0      41819   stm32f7xx_hal.o
       198         14          0          0          0      39811   stm32f7xx_hal_cortex.o
        36          0          0          0          0       1199   stm32f7xx_hal_dma.o
       480         54          0          0          0       1996   stm32f7xx_hal_gpio.o
       184         40          0          0          0       2682   stm32f7xx_hal_rcc.o
      2034         82          0          0          0      12740   stm32f7xx_hal_uart.o
        26          0          0          0          0       5623   stm32f7xx_it.o
         0          0          0          0          0     634592   stm32f7xx_ll_crc.o
        84         18          8          4          0       1267   system_stm32f7xx.o
       368         62          0          8        456       5597   usart.o

    ----------------------------------------------------------------------
      4128        418        496         28       1484     844618   Object Totals
         0          0         32          0          0          0   (incl. Generated)
         4          0          0          0          4          0   (incl. Padding)

    ----------------------------------------------------------------------

      Code (inc. data)   RO Data    RW Data    ZI Data      Debug   Library Member Name

         0          0          0          0          0          0   entry.o
         0          0          0          0          0          0   entry10a.o
         0          0          0          0          0          0   entry11a.o
         8          4          0          0          0          0   entry2.o
         4          0          0          0          0          0   entry5.o
         0          0          0          0          0          0   entry7b.o
         0          0          0          0          0          0   entry8b.o
         8          4          0          0          0          0   entry9a.o
        30          0          0          0          0          0   handlers.o
        36          8          0          0          0         68   init.o
        30          0          0          0          0         68   llshl.o
        32          0          0          0          0         68   llushr.o
       372         14          0          0          0        184   printf1.o
        44          0          0          0          0         80   uidiv.o
        98          0          0          0          0         92   uldiv.o

    ----------------------------------------------------------------------
       664         30          0          0          0        560   Library Totals
         2          0          0          0          0          0   (incl. Padding)

    ----------------------------------------------------------------------

      Code (inc. data)   RO Data    RW Data    ZI Data      Debug   Library Name

       662         30          0          0          0        560   mc_w.l

    ----------------------------------------------------------------------
       664         30          0          0          0        560   Library Totals

    ----------------------------------------------------------------------

==============================================================================


      Code (inc. data)   RO Data    RW Data    ZI Data      Debug   

      4792        448        496         28       1484     840474   Grand Totals
      4792        448        496         28       1484     840474   ELF Image Totals
      4792        448        496         28          0          0   ROM Totals

==============================================================================

    Total RO  Size (Code + RO Data)                 5288 (   5.16kB)
    Total RW  Size (RW Data + ZI Data)              1512 (   1.48kB)
    Total ROM Size (Code + RO Data + RW Data)       5316 (   5.19kB)

==============================================================================

